Archive member included because of file (symbol)

/home/vagrant/devkitPro/libnds/lib/libnds9.a(console.o)
                              main.o (consoleDemoInit)
/home/vagrant/devkitPro/libnds/lib/libnds9.a(keys.o)
                              main.o (scanKeys)
/home/vagrant/devkitPro/libnds/lib/libnds9.a(initSystem.o)
                              /home/vagrant/devkitPro/devkitARM/bin/../lib/gcc/arm-none-eabi/4.9.2/../../../../arm-none-eabi/lib/ds_arm9_crt0.o (initSystem)
/home/vagrant/devkitPro/libnds/lib/libnds9.a(fifosystem.o)
                              /home/vagrant/devkitPro/libnds/lib/libnds9.a(initSystem.o) (fifoSetValue32Handler)
/home/vagrant/devkitPro/libnds/lib/libnds9.a(interrupts.o)
                              /home/vagrant/devkitPro/libnds/lib/libnds9.a(fifosystem.o) (irqSet)
/home/vagrant/devkitPro/libnds/lib/libnds9.a(libnds_exit.arm.o)
                              /home/vagrant/devkitPro/devkitARM/bin/../lib/gcc/arm-none-eabi/4.9.2/../../../../arm-none-eabi/lib/ds_arm9_crt0.o (__libnds_exit)
/home/vagrant/devkitPro/libnds/lib/libnds9.a(mpu_setup.o)
                              /home/vagrant/devkitPro/devkitARM/bin/../lib/gcc/arm-none-eabi/4.9.2/../../../../arm-none-eabi/lib/ds_arm9_crt0.o (__libnds_mpu_setup)
/home/vagrant/devkitPro/libnds/lib/libnds9.a(biosCalls.o)
                              /home/vagrant/devkitPro/libnds/lib/libnds9.a(fifosystem.o) (swiIntrWait)
/home/vagrant/devkitPro/libnds/lib/libnds9.a(debugprint.o)
                              /home/vagrant/devkitPro/libnds/lib/libnds9.a(console.o) (nocashWrite)
/home/vagrant/devkitPro/libnds/lib/libnds9.a(interruptDispatcher.o)
                              /home/vagrant/devkitPro/libnds/lib/libnds9.a(interrupts.o) (IntrMain)
/home/vagrant/devkitPro/libnds/lib/libnds9.a(swiSoftReset.o)
                              /home/vagrant/devkitPro/libnds/lib/libnds9.a(fifosystem.o) (swiSoftReset)
/home/vagrant/devkitPro/libnds/lib/libnds9.a(default_font.bin.o)
                              /home/vagrant/devkitPro/libnds/lib/libnds9.a(console.o) (default_font_bin)
/home/vagrant/devkitPro/libnds/lib/libnds9.a(background.o)
                              /home/vagrant/devkitPro/libnds/lib/libnds9.a(console.o) (bgState)
/home/vagrant/devkitPro/libnds/lib/libnds9.a(system.o)
                              /home/vagrant/devkitPro/libnds/lib/libnds9.a(initSystem.o) (systemValueHandler)
/home/vagrant/devkitPro/libnds/lib/libnds9.a(trig.o)
                              /home/vagrant/devkitPro/libnds/lib/libnds9.a(background.o) (sinLerp)
/home/vagrant/devkitPro/libnds/lib/libnds9.a(video.o)
                              /home/vagrant/devkitPro/libnds/lib/libnds9.a(initSystem.o) (vramDefault)
/home/vagrant/devkitPro/devkitARM/bin/../lib/gcc/arm-none-eabi/4.9.2/libgcc.a(_divsi3.o)
                              /home/vagrant/devkitPro/libnds/lib/libnds9.a(console.o) (__aeabi_idivmod)
/home/vagrant/devkitPro/devkitARM/bin/../lib/gcc/arm-none-eabi/4.9.2/libgcc.a(_dvmd_tls.o)
                              /home/vagrant/devkitPro/devkitARM/bin/../lib/gcc/arm-none-eabi/4.9.2/libgcc.a(_divsi3.o) (__aeabi_idiv0)
/home/vagrant/devkitPro/devkitARM/bin/../lib/gcc/arm-none-eabi/4.9.2/../../../../arm-none-eabi/lib/libg.a(lib_a-bsearch.o)
                              /home/vagrant/devkitPro/libnds/lib/libnds9.a(trig.o) (bsearch)
/home/vagrant/devkitPro/devkitARM/bin/../lib/gcc/arm-none-eabi/4.9.2/../../../../arm-none-eabi/lib/libg.a(lib_a-impure.o)
                              /home/vagrant/devkitPro/libnds/lib/libnds9.a(console.o) (_impure_ptr)
/home/vagrant/devkitPro/devkitARM/bin/../lib/gcc/arm-none-eabi/4.9.2/../../../../arm-none-eabi/lib/libg.a(lib_a-init.o)
                              /home/vagrant/devkitPro/devkitARM/bin/../lib/gcc/arm-none-eabi/4.9.2/../../../../arm-none-eabi/lib/ds_arm9_crt0.o (__libc_init_array)
/home/vagrant/devkitPro/devkitARM/bin/../lib/gcc/arm-none-eabi/4.9.2/../../../../arm-none-eabi/lib/libg.a(lib_a-iprintf.o)
                              main.o (iprintf)
/home/vagrant/devkitPro/devkitARM/bin/../lib/gcc/arm-none-eabi/4.9.2/../../../../arm-none-eabi/lib/libg.a(lib_a-memcpy-stub.o)
                              /home/vagrant/devkitPro/libnds/lib/libnds9.a(console.o) (memcpy)
/home/vagrant/devkitPro/devkitARM/bin/../lib/gcc/arm-none-eabi/4.9.2/../../../../arm-none-eabi/lib/libg.a(lib_a-memset.o)
                              main.o (memset)
/home/vagrant/devkitPro/devkitARM/bin/../lib/gcc/arm-none-eabi/4.9.2/../../../../arm-none-eabi/lib/libg.a(lib_a-setvbuf.o)
                              /home/vagrant/devkitPro/libnds/lib/libnds9.a(console.o) (setvbuf)
/home/vagrant/devkitPro/devkitARM/bin/../lib/gcc/arm-none-eabi/4.9.2/../../../../arm-none-eabi/lib/libg.a(lib_a-siscanf.o)
                              /home/vagrant/devkitPro/libnds/lib/libnds9.a(console.o) (siscanf)
/home/vagrant/devkitPro/devkitARM/bin/../lib/gcc/arm-none-eabi/4.9.2/../../../../arm-none-eabi/lib/libg.a(lib_a-stdio.o)
[...]
Memory Configuration

Name             Origin             Length             Attributes
rom              0x08000000         0x02000000
ewram            0x02000000         0x003ff000
dtcm             0x0b000000         0x00004000
vectors          0x01000000         0x00000100
itcm             0x01000100         0x00007f00
*default*        0x00000000         0xffffffff

Linker script and memory map

                0x01000000                __vectors_start = ORIGIN (vectors)
                0x01000100                __itcm_start = ORIGIN (itcm)
                0x023ff000                __ewram_end = (ORIGIN (ewram) + 0x3ff000)
                0x023ff000                __eheap_end = (ORIGIN (ewram) + 0x3ff000)
                0x0b000000                __dtcm_start = ORIGIN (dtcm)
                0x0b004000                __dtcm_top = (ORIGIN (dtcm) + 0x4000)
                0x0b003ff8                __irq_flags = (__dtcm_top - 0x8)
                0x0b003ffc                __irq_vector = (__dtcm_top - 0x4)
                0x0b003f00                __sp_svc = (__dtcm_top - 0x100)
                0x0b003e00                __sp_irq = (__sp_svc - 0x100)
                0x0b003d00                __sp_usr = (__sp_irq - 0x100)

.init           0x02000000      0x248
                0x02000000                __text_start = .
 *(.init)
 .init          0x02000000      0x230 /home/vagrant/devkitPro/devkitARM/bin/../lib/gcc/arm-none-eabi/4.9.2/../../../../arm-none-eabi/lib/ds_arm9_crt0.o
                0x02000000                _start
 .init          0x02000230        0xc /home/vagrant/devkitPro/devkitARM/bin/../lib/gcc/arm-none-eabi/4.9.2/crti.o
                0x02000230                _init
 .init          0x0200023c        0xc /home/vagrant/devkitPro/devkitARM/bin/../lib/gcc/arm-none-eabi/4.9.2/crtn.o
                0x02000248                . = ALIGN (0x4)

.plt
 *(.plt)

.text           0x02000250    0x16660
 *(EXCLUDE_FILE(*.itcm*) .text)
 .text          0x02000250        0x0 /home/vagrant/devkitPro/devkitARM/bin/../lib/gcc/arm-none-eabi/4.9.2/../../../../arm-none-eabi/lib/ds_arm9_crt0.o
 .text          0x02000250        0x0 /home/vagrant/devkitPro/devkitARM/bin/../lib/gcc/arm-none-eabi/4.9.2/crti.o
 .text          0x02000250      0x108 /home/vagrant/devkitPro/devkitARM/bin/../lib/gcc/arm-none-eabi/4.9.2/crtbegin.o
 .text          0x02000358        0x0 gfx_ball.o
 .text          0x02000358        0x0 gfx_tileset.o
 .text          0x02000358      0x128 character.o
                0x02000358                characterUpdate
                0x02000408                scrollingUpdate
                0x0200041c                characterRender
 .text          0x02000480     0x1fa4 main.o
                0x02000914                draw0inY
                0x02000cb4                draw1inY
                0x02000fd0                draw2inY
                0x02001328                drawXinY
                0x02001358                processInput
                0x02001450                processLogic
                0x02001674                updateGraphics
                0x02002258                resetcharacter
                0x02002288                setupInterrupts
                0x0200229c                setupStages
                0x020022b0                setupGraphics
 .text          0x02002424     0x116c /home/vagrant/devkitPro/libnds/lib/libnds9.a(console.o)
                0x02002690                nocash_write
                0x02002708                con_write
                0x02002c3c                consoleGetDefault
                0x02002c48                consoleLoadFont
                0x02002fb0                consoleInit
                0x020031dc                consoleSelect
                0x020031ec                consoleSetFont
                0x0200320c                consoleDebugInit
                0x02003260                consoleDemoInit
                0x02003468                consolePrintChar
                0x02003560                consoleClear
                0x02003570                consoleSetWindow
 .text          0x02003590       0xf4 /home/vagrant/devkitPro/libnds/lib/libnds9.a(keys.o)
                0x02003590                scanKeys
                0x020035fc                keysHeld
                0x02003608                keysDown
                0x02003618                keysDownRepeat
                0x02003628                keysSetRepeat
                0x02003640                keysUp
                0x02003650                keysCurrent
 .text          0x02003684      0x19c /home/vagrant/devkitPro/libnds/lib/libnds9.a(initSystem.o)
                0x02003684                initSystem
 .text          0x02003820      0xcb8 /home/vagrant/devkitPro/libnds/lib/libnds9.a(fifosystem.o)
                0x02003ae4                fifoSetValue32Handler
                0x02003b58                fifoSendAddress
                0x02003b84                fifoSendValue32
                0x02003bc0                fifoSendDatamsg
                0x02003c34                fifoGetAddress
                0x02003ca0                fifoSetAddressHandler
                0x02003d14                fifoGetValue32
                0x02003d28                fifoGetDatamsg
                0x020041dc                fifoSetDatamsgHandler
                0x02004270                fifoCheckAddress
                0x02004294                fifoCheckDatamsg
                0x020042b8                fifoCheckDatamsgLength
                0x020042e8                fifoCheckValue32
                0x0200430c                fifoInit
 .text          0x020044d8      0x244 /home/vagrant/devkitPro/libnds/lib/libnds9.a(interrupts.o)
                0x020044d8                irqDummy
                0x020044dc                irqSet
                0x02004548                irqInit
                0x02004594                irqInitHandler
                0x020045c4                irqEnable
                0x02004628                irqDisable
                0x0200468c                irqClear
 .text          0x0200471c       0x5c /home/vagrant/devkitPro/libnds/lib/libnds9.a(libnds_exit.arm.o)
                0x0200471c                systemErrorExit
                0x02004720                __libnds_exit
 .text          0x02004778      0x1b4 /home/vagrant/devkitPro/libnds/lib/libnds9.a(mpu_setup.o)
                0x02004778                __libnds_mpu_setup
                0x020048b8                memCached
                0x020048d0                memUncached
 *fill*         0x0200492c        0x4 ff
 .text          0x02004930       0x70 /home/vagrant/devkitPro/libnds/lib/libnds9.a(biosCalls.o)
                0x02004930                swiDelay
                0x02004934                swiIntrWait
                0x02004938                swiWaitForVBlank
                0x0200493c                swiSleep
                0x02004940                swiChangeSoundBias
                0x02004944                swiDivide
                0x02004948                swiRemainder
                0x0200494e                swiDivMod
                0x0200495a                swiCopy
                0x0200495e                swiFastCopy
                0x02004962                swiSqrt
                0x02004966                swiCRC16
                0x0200496a                swiIsDebugger
                0x0200496e                swiUnpackBits
                0x02004972                swiDecompressLZSSWram
                0x02004976                swiDecompressLZSSVramNTR
                0x0200497a                swiDecompressLZSSVramTWL
                0x0200497e                swiDecompressHuffman
                0x02004982                swiDecompressRLEWram
                0x02004986                swiDecompressRLEVram
                0x0200498a                swiWaitForIRQ
                0x0200498e                swiDecodeDelta8
                0x02004992                swiDecodeDelta16
                0x02004996                swiSetHaltCR
 .text          0x020049a0       0xa4 /home/vagrant/devkitPro/libnds/lib/libnds9.a(debugprint.o)
                0x020049a0                nocashWrite
                0x020049a2                nocashMessage
 .text          0x02004a44        0x0 /home/vagrant/devkitPro/libnds/lib/libnds9.a(interruptDispatcher.o)
 *fill*         0x02004a44        0xc ff
 .text          0x02004a50       0x30 /home/vagrant/devkitPro/libnds/lib/libnds9.a(swiSoftReset.o)
                0x02004a50                swiSoftReset
 .text          0x02004a80        0x0 /home/vagrant/devkitPro/libnds/lib/libnds9.a(default_font.bin.o)
 .text          0x02004a80      0x3bc /home/vagrant/devkitPro/libnds/lib/libnds9.a(background.o)
                0x02004a80                bgIsText
                0x02004a8c                checkIfText
                0x02004ae4                bgUpdate
                0x02004bd8                bgInit_call
                0x02004d00                bgInitSub_call
 .text          0x02004e3c      0x140 /home/vagrant/devkitPro/libnds/lib/libnds9.a(system.o)
                0x02004e3c                setSDcallback
                0x02004e48                systemValueHandler
                0x02004e90                systemMsgHandler
                0x02004ee0                systemSleep
                0x02004ef8                powerOn
                0x02004f24                powerOff
                0x02004f4c                ledBlink
                0x02004f5c                getBatteryLevel
 .text          0x02004f7c      0x3a8 /home/vagrant/devkitPro/libnds/lib/libnds9.a(trig.o)
                0x02004f7c                asinComp
                0x02004fa0                sinLutLookup
                0x02004fd8                sinLerp
                0x02005068                cosLerp
                0x02005124                tanLutLookup
                0x0200515c                tanLerp
                0x02005204                asinLerp
                0x02005280                acosLerp
                0x020052fc                atanComp
 .text          0x02005324      0x1f8 /home/vagrant/devkitPro/libnds/lib/libnds9.a(video.o)
                0x02005324                vramSetPrimaryBanks
                0x02005368                vramSetMainBanks
                0x020053ac                vramSetBanks_EFG
                0x020053e4                vramRestorePrimaryBanks
                0x020053f0                vramRestoreMainBanks
                0x020053fc                vramRestoreBanks_EFG
                0x02005408                setBrightness
                0x02005448                vramDefault
 .text          0x0200551c      0x148 /home/vagrant/devkitPro/devkitARM/bin/../lib/gcc/arm-none-eabi/4.9.2/libgcc.a(_divsi3.o)
                0x0200551c                __aeabi_idiv
                0x0200551c                __divsi3
                0x02005644                __aeabi_idivmod
 .text          0x02005664        0x4 /home/vagrant/devkitPro/devkitARM/bin/../lib/gcc/arm-none-eabi/4.9.2/libgcc.a(_dvmd_tls.o)
                0x02005664                __aeabi_ldiv0
                0x02005664                __aeabi_idiv0
 .text          0x02005668       0x84 /home/vagrant/devkitPro/devkitARM/bin/../lib/gcc/arm-none-eabi/4.9.2/../../../../arm-none-eabi/lib/libg.a(lib_a-bsearch.o)
                0x02005668                bsearch
 .text          0x020056ec        0x0 /home/vagrant/devkitPro/devkitARM/bin/../lib/gcc/arm-none-eabi/4.9.2/../../../../arm-none-eabi/lib/libg.a(lib_a-impure.o)
 .text          0x020056ec       0x80 /home/vagrant/devkitPro/devkitARM/bin/../lib/gcc/arm-none-eabi/4.9.2/../../../../arm-none-eabi/lib/libg.a(lib_a-init.o)
                0x020056ec                __libc_init_array
 .text          0x0200576c       0x74 /home/vagrant/devkitPro/devkitARM/bin/../lib/gcc/arm-none-eabi/4.9.2/../../../../arm-none-eabi/lib/libg.a(lib_a-iprintf.o)
                0x0200576c                iprintf
                0x020057ac                _iprintf_r
 .text          0x020057e0       0xf0 /home/vagrant/devkitPro/devkitARM/bin/../lib/gcc/arm-none-eabi/4.9.2/../../../../arm-none-eabi/lib/libg.a(lib_a-memcpy-stub.o)
                0x020057e0                memcpy
 .text          0x020058d0       0xf4 /home/vagrant/devkitPro/devkitARM/bin/../lib/gcc/arm-none-eabi/4.9.2/../../../../arm-none-eabi/lib/libg.a(lib_a-memset.o)
                0x020058d0                memset
 .text          0x020059c4      0x174 /home/vagrant/devkitPro/devkitARM/bin/../lib/gcc/arm-none-eabi/4.9.2/../../../../arm-none-eabi/lib/libg.a(lib_a-setvbuf.o)
                0x020059c4                setvbuf
 .text          0x02005b38      0x100 /home/vagrant/devkitPro/devkitARM/bin/../lib/gcc/arm-none-eabi/4.9.2/../../../../arm-none-eabi/lib/libg.a(lib_a-siscanf.o)
                0x02005b38                siscanf
                0x02005bb8                _siscanf_r
 .text          0x02005c38       0xd8 /home/vagrant/devkitPro/devkitARM/bin/../lib/gcc/arm-none-eabi/4.9.2/../../../../arm-none-eabi/lib/libg.a(lib_a-stdio.o)
                0x02005c38                __sread
                0x02005c6c                __seofread
                0x02005c74                __swrite
                0x02005ccc                __sseek
                0x02005cfc                __sclose
 .text          0x02005d10       0x60 /home/vagrant/devkitPro/devkitARM/bin/../lib/gcc/arm-none-eabi/4.9.2/../../../../arm-none-eabi/lib/libg.a(lib_a-strlen.o)
                0x02005d10                strlen
 .text          0x02005d70     0x237c /home/vagrant/devkitPro/devkitARM/bin/../lib/gcc/arm-none-eabi/4.9.2/../../../../arm-none-eabi/lib/libg.a(lib_a-svfiscanf.o)
                0x02005d70                _sungetc_r
                0x02005e64                __ssrefill_r
                0x02005ed0                _sfread_r
                0x02005fa8                __ssvfiscanf_r
 .text          0x020080ec      0x24c /home/vagrant/devkitPro/devkitARM/bin/../lib/gcc/arm-none-eabi/4.9.2/../../../../arm-none-eabi/lib/libg.a(lib_a-ungetc.o)
                0x020080ec                __submore
                0x0200819c                _ungetc_r
                0x02008320                ungetc
 .text          0x02008338     0x3c00 /home/vagrant/devkitPro/devkitARM/bin/../lib/gcc/arm-none-eabi/4.9.2/../../../../arm-none-eabi/lib/libg.a(lib_a-vfiprintf.o)
                0x02008c44                __sprint_r
                0x02008c5c                _vfiprintf_r
                0x0200be64                vfiprintf
 .text          0x0200bf38      0x138 /home/vagrant/devkitPro/devkitARM/bin/../lib/gcc/arm-none-eabi/4.9.2/../../../../arm-none-eabi/lib/libg.a(lib_a-wcrtomb.o)
                0x0200bf38                _wcrtomb_r
                0x0200bfd0                wcrtomb
 .text          0x0200c070       0x60 /home/vagrant/devkitPro/devkitARM/bin/../lib/gcc/arm-none-eabi/4.9.2/../../../../arm-none-eabi/lib/libg.a(lib_a-wcsrtombs.o)
                0x0200c070                _wcsrtombs_r
                0x0200c094                wcsrtombs
 .text          0x0200c0d0      0x3cc /home/vagrant/devkitPro/devkitARM/bin/../lib/gcc/arm-none-eabi/4.9.2/../../../../arm-none-eabi/lib/libg.a(lib_a-wctomb_r.o)
                0x0200c0d0                __utf8_wctomb
                0x0200c1e4                _wctomb_r
                0x0200c234                __ascii_wctomb
                0x0200c25c                __sjis_wctomb
                0x0200c2e8                __eucjp_wctomb
                0x0200c3bc                __jis_wctomb
 .text          0x0200c49c      0x160 /home/vagrant/devkitPro/devkitARM/bin/../lib/gcc/arm-none-eabi/4.9.2/../../../../arm-none-eabi/lib/libg.a(lib_a-wsetup.o)
                0x0200c49c                __swsetup_r
 .text          0x0200c5fc       0x18 /home/vagrant/devkitPro/devkitARM/bin/../lib/gcc/arm-none-eabi/4.9.2/../../../../arm-none-eabi/lib/libg.a(lib_a-ctype_.o)
                0x0200c5fc                __set_ctype
 .text          0x0200c614      0x2d0 /home/vagrant/devkitPro/devkitARM/bin/../lib/gcc/arm-none-eabi/4.9.2/../../../../arm-none-eabi/lib/libg.a(lib_a-fflush.o)
                0x0200c614                __sflush_r
                0x0200c854                _fflush_r
                0x0200c8a8                fflush
 .text          0x0200c8e4      0x350 /home/vagrant/devkitPro/devkitARM/bin/../lib/gcc/arm-none-eabi/4.9.2/../../../../arm-none-eabi/lib/libg.a(lib_a-findfp.o)
                0x0200c8f4                _cleanup_r
                0x0200ca6c                __sfmoreglue
                0x0200cabc                __sfp
                0x0200cba8                _cleanup
                0x0200cbcc                __sinit
                0x0200cbdc                __sfp_lock_acquire
                0x0200cbe0                __sfp_lock_release
                0x0200cbe4                __sinit_lock_acquire
                0x0200cbe8                __sinit_lock_release
                0x0200cbec                __fp_lock_all
                0x0200cc10                __fp_unlock_all
 .text          0x0200cc34      0x190 /home/vagrant/devkitPro/devkitARM/bin/../lib/gcc/arm-none-eabi/4.9.2/../../../../arm-none-eabi/lib/libg.a(lib_a-fputwc.o)
                0x0200cc34                _fputwc_r
                0x0200cd80                fputwc
 .text          0x0200cdc4      0x3bc /home/vagrant/devkitPro/devkitARM/bin/../lib/gcc/arm-none-eabi/4.9.2/../../../../arm-none-eabi/lib/libg.a(lib_a-freer.o)
                0x0200cdc4                _malloc_trim_r
                0x0200cec4                _free_r
 .text          0x0200d180      0x4ec /home/vagrant/devkitPro/devkitARM/bin/../lib/gcc/arm-none-eabi/4.9.2/../../../../arm-none-eabi/lib/libg.a(lib_a-fvwrite.o)
                0x0200d180                __sfvwrite_r
 .text          0x0200d66c      0x110 /home/vagrant/devkitPro/devkitARM/bin/../lib/gcc/arm-none-eabi/4.9.2/../../../../arm-none-eabi/lib/libg.a(lib_a-fwalk.o)
                0x0200d66c                _fwalk
                0x0200d6f0                _fwalk_reent
 .text          0x0200d77c       0x7c /home/vagrant/devkitPro/devkitARM/bin/../lib/gcc/arm-none-eabi/4.9.2/../../../../arm-none-eabi/lib/libg.a(lib_a-iswspace.o)
                0x0200d77c                iswspace
 .text          0x0200d7f8      0x280 /home/vagrant/devkitPro/devkitARM/bin/../lib/gcc/arm-none-eabi/4.9.2/../../../../arm-none-eabi/lib/libg.a(lib_a-jp2uc.o)
                0x0200d9fc                _jp2uc
 .text          0x0200da78      0xd40 /home/vagrant/devkitPro/devkitARM/bin/../lib/gcc/arm-none-eabi/4.9.2/../../../../arm-none-eabi/lib/libg.a(lib_a-locale.o)
                0x0200e448                _setlocale_r
                0x0200e750                __locale_charset
                0x0200e75c                __locale_mb_cur_max
                0x0200e76c                __locale_msgcharset
                0x0200e778                __locale_cjk_lang
                0x0200e788                _localeconv_r
                0x0200e794                setlocale
                0x0200e7ac                localeconv
 .text          0x0200e7b8      0x168 /home/vagrant/devkitPro/devkitARM/bin/../lib/gcc/arm-none-eabi/4.9.2/../../../../arm-none-eabi/lib/libg.a(lib_a-makebuf.o)
                0x0200e7b8                __smakebuf_r
 .text          0x0200e920       0x40 /home/vagrant/devkitPro/devkitARM/bin/../lib/gcc/arm-none-eabi/4.9.2/../../../../arm-none-eabi/lib/libg.a(lib_a-malloc.o)
                0x0200e920                malloc
                0x0200e940                free
 .text          0x0200e960      0x724 /home/vagrant/devkitPro/devkitARM/bin/../lib/gcc/arm-none-eabi/4.9.2/../../../../arm-none-eabi/lib/libg.a(lib_a-mallocr.o)
                0x0200e960                _malloc_r
 .text          0x0200f084      0x14c /home/vagrant/devkitPro/devkitARM/bin/../lib/gcc/arm-none-eabi/4.9.2/../../../../arm-none-eabi/lib/libg.a(lib_a-mbrtowc.o)
                0x0200f084                _mbrtowc_r
                0x0200f128                mbrtowc
 .text          0x0200f1d0      0x784 /home/vagrant/devkitPro/devkitARM/bin/../lib/gcc/arm-none-eabi/4.9.2/../../../../arm-none-eabi/lib/libg.a(lib_a-mbtowc_r.o)
                0x0200f1d0                __utf8_mbtowc
                0x0200f4d4                _mbtowc_r
                0x0200f528                __ascii_mbtowc
                0x0200f574                __sjis_mbtowc
                0x0200f650                __eucjp_mbtowc
                0x0200f7a0                __jis_mbtowc
 .text          0x0200f954      0x118 /home/vagrant/devkitPro/devkitARM/bin/../lib/gcc/arm-none-eabi/4.9.2/../../../../arm-none-eabi/lib/libg.a(lib_a-memchr-stub.o)
                0x0200f954                memchr
 .text          0x0200fa6c      0x12c /home/vagrant/devkitPro/devkitARM/bin/../lib/gcc/arm-none-eabi/4.9.2/../../../../arm-none-eabi/lib/libg.a(lib_a-memmove.o)
                0x0200fa6c                memmove
 .text          0x0200fb98        0x8 /home/vagrant/devkitPro/devkitARM/bin/../lib/gcc/arm-none-eabi/4.9.2/../../../../arm-none-eabi/lib/libg.a(lib_a-mlock.o)
                0x0200fb98                __malloc_lock
                0x0200fb9c                __malloc_unlock
 .text          0x0200fba0      0x4dc /home/vagrant/devkitPro/devkitARM/bin/../lib/gcc/arm-none-eabi/4.9.2/../../../../arm-none-eabi/lib/libg.a(lib_a-reallocr.o)
                0x0200fba0                _realloc_r
 .text          0x0201007c       0xdc /home/vagrant/devkitPro/devkitARM/bin/../lib/gcc/arm-none-eabi/4.9.2/../../../../arm-none-eabi/lib/libg.a(lib_a-sccl.o)
                0x0201007c                __sccl
 .text          0x02010158       0x6c /home/vagrant/devkitPro/devkitARM/bin/../lib/gcc/arm-none-eabi/4.9.2/../../../../arm-none-eabi/lib/libg.a(lib_a-strcasecmp.o)
                0x02010158                strcasecmp
 .text          0x020101c4       0x84 /home/vagrant/devkitPro/devkitARM/bin/../lib/gcc/arm-none-eabi/4.9.2/../../../../arm-none-eabi/lib/libg.a(lib_a-strcat.o)
                0x020101c4                strcat
 .text          0x02010248      0x160 /home/vagrant/devkitPro/devkitARM/bin/../lib/gcc/arm-none-eabi/4.9.2/../../../../arm-none-eabi/lib/libg.a(lib_a-strchr.o)
                0x02010248                strchr
 .text          0x020103a8      0x230 /home/vagrant/devkitPro/devkitARM/bin/../lib/gcc/arm-none-eabi/4.9.2/../../../../arm-none-eabi/lib/libg.a(lib_a-strcmp.o)
                0x020103a8                strcmp
 .text          0x020105d8       0xf0 /home/vagrant/devkitPro/devkitARM/bin/../lib/gcc/arm-none-eabi/4.9.2/../../../../arm-none-eabi/lib/libg.a(lib_a-strcpy.o)
                0x020105d8                strcpy
 .text          0x020106c8       0x48 /home/vagrant/devkitPro/devkitARM/bin/../lib/gcc/arm-none-eabi/4.9.2/../../../../arm-none-eabi/lib/libg.a(lib_a-strlcpy.o)
                0x020106c8                strlcpy
 .text          0x02010710       0x94 /home/vagrant/devkitPro/devkitARM/bin/../lib/gcc/arm-none-eabi/4.9.2/../../../../arm-none-eabi/lib/libg.a(lib_a-strncasecmp.o)
                0x02010710                strncasecmp
 .text          0x020107a4      0x118 /home/vagrant/devkitPro/devkitARM/bin/../lib/gcc/arm-none-eabi/4.9.2/../../../../arm-none-eabi/lib/libg.a(lib_a-strncmp.o)
                0x020107a4                strncmp
 .text          0x020108bc       0xe4 /home/vagrant/devkitPro/devkitARM/bin/../lib/gcc/arm-none-eabi/4.9.2/../../../../arm-none-eabi/lib/libg.a(lib_a-strncpy.o)
                0x020108bc                strncpy
 .text          0x020109a0      0x2c8 /home/vagrant/devkitPro/devkitARM/bin/../lib/gcc/arm-none-eabi/4.9.2/../../../../arm-none-eabi/lib/libg.a(lib_a-strtoll_r.o)
                0x020109a0                _strtoll_r
 .text          0x02010c68      0x204 /home/vagrant/devkitPro/devkitARM/bin/../lib/gcc/arm-none-eabi/4.9.2/../../../../arm-none-eabi/lib/libg.a(lib_a-strtol.o)
                0x02010c68                _strtol_r
                0x02010e44                strtol
 *fill*         0x02010e6c        0x4 ff
 .text          0x02010e70      0x270 /home/vagrant/devkitPro/devkitARM/bin/../lib/gcc/arm-none-eabi/4.9.2/../../../../arm-none-eabi/lib/libg.a(lib_a-strtoull_r.o)
                0x02010e70                _strtoull_r
 .text          0x020110e0      0x1f4 /home/vagrant/devkitPro/devkitARM/bin/../lib/gcc/arm-none-eabi/4.9.2/../../../../arm-none-eabi/lib/libg.a(lib_a-strtoul.o)
                0x020110e0                _strtoul_r
                0x020112ac                strtoul
 .text          0x020112d4     0x38b4 /home/vagrant/devkitPro/devkitARM/bin/../lib/gcc/arm-none-eabi/4.9.2/../../../../arm-none-eabi/lib/libg.a(lib_a-svfiprintf.o)
                0x02011b34                __ssprint_r
                0x02011ce4                _svfiprintf_r
 .text          0x02014b88      0x140 /home/vagrant/devkitPro/devkitARM/bin/../lib/gcc/arm-none-eabi/4.9.2/../../../../arm-none-eabi/lib/libg.a(lib_a-wbuf.o)
                0x02014b88                __swbuf_r
                0x02014cb0                __swbuf
 .text          0x02014cc8      0x1dc /home/vagrant/devkitPro/devkitARM/bin/../lib/gcc/arm-none-eabi/4.9.2/../../../../arm-none-eabi/lib/libg.a(lib_a-wcsnrtombs.o)
                0x02014cc8                _wcsnrtombs_r
                0x02014e5c                wcsnrtombs
 .text          0x02014ea4      0x110 /home/vagrant/devkitPro/devkitARM/bin/../lib/gcc/arm-none-eabi/4.9.2/../../../../arm-none-eabi/lib/libg.a(lib_a-fclose.o)
                0x02014ea4                _fclose_r
                0x02014fa0                fclose
 .text          0x02014fb4       0xec /home/vagrant/devkitPro/devkitARM/bin/../lib/gcc/arm-none-eabi/4.9.2/../../../../arm-none-eabi/lib/libg.a(lib_a-getenv_r.o)
                0x02014fb4                _findenv_r
                0x02015084                _getenv_r
 .text          0x020150a0        0x0 /home/vagrant/devkitPro/devkitARM/bin/../lib/gcc/arm-none-eabi/4.9.2/../../../../arm-none-eabi/lib/libg.a(lib_a-environ.o)
 .text          0x020150a0        0x8 /home/vagrant/devkitPro/devkitARM/bin/../lib/gcc/arm-none-eabi/4.9.2/../../../../arm-none-eabi/lib/libg.a(lib_a-envlock.o)
                0x020150a0                __env_lock
                0x020150a4                __env_unlock
 .text          0x020150a8      0x1c4 /home/vagrant/devkitPro/devkitARM/bin/../lib/gcc/arm-none-eabi/4.9.2/../../../../arm-none-eabi/lib/libsysbase.a(iosupport.o)
                0x020150a8                setDefaultDevice
                0x020150c0                FindDevice
                0x02015178                RemoveDevice
                0x020151a8                AddDevice
                0x02015244                GetDeviceOpTab
 .text          0x0201526c       0x74 /home/vagrant/devkitPro/devkitARM/bin/../lib/gcc/arm-none-eabi/4.9.2/../../../../arm-none-eabi/lib/libsysbase.a(close.o)
                0x0201526c                _close_r
 .text          0x020152e0       0x80 /home/vagrant/devkitPro/devkitARM/bin/../lib/gcc/arm-none-eabi/4.9.2/../../../../arm-none-eabi/lib/libsysbase.a(fstat.o)
                0x020152e0                _fstat_r
 .text          0x02015360        0x8 /home/vagrant/devkitPro/devkitARM/bin/../lib/gcc/arm-none-eabi/4.9.2/../../../../arm-none-eabi/lib/libsysbase.a(isatty.o)
                0x02015360                _isatty_r
 .text          0x02015368       0x80 /home/vagrant/devkitPro/devkitARM/bin/../lib/gcc/arm-none-eabi/4.9.2/../../../../arm-none-eabi/lib/libsysbase.a(lseek.o)
                0x02015368                _lseek_r
 .text          0x020153e8       0x80 /home/vagrant/devkitPro/devkitARM/bin/../lib/gcc/arm-none-eabi/4.9.2/../../../../arm-none-eabi/lib/libsysbase.a(read.o)
                0x020153e8                _read_r
 .text          0x02015468       0x70 /home/vagrant/devkitPro/devkitARM/bin/../lib/gcc/arm-none-eabi/4.9.2/../../../../arm-none-eabi/lib/libsysbase.a(sbrk.o)
                0x02015468                _sbrk_r
 .text          0x020154d8       0x68 /home/vagrant/devkitPro/devkitARM/bin/../lib/gcc/arm-none-eabi/4.9.2/../../../../arm-none-eabi/lib/libsysbase.a(times.o)
                0x020154d8                _times
                0x020154f4                _times_r
                0x020154fc                _gettimeofday_r
 .text          0x02015540       0x84 /home/vagrant/devkitPro/devkitARM/bin/../lib/gcc/arm-none-eabi/4.9.2/../../../../arm-none-eabi/lib/libsysbase.a(write.o)
                0x02015540                _write_r
 .text          0x020155c4        0x0 /home/vagrant/devkitPro/devkitARM/bin/../lib/gcc/arm-none-eabi/4.9.2/../../../../arm-none-eabi/lib/libsysbase.a(malloc_vars.o)
 .text          0x020155c4       0x80 /home/vagrant/devkitPro/devkitARM/bin/../lib/gcc/arm-none-eabi/4.9.2/../../../../arm-none-eabi/lib/libsysbase.a(build_argv.o)
                0x020155c4                build_argv
 .text          0x02015644        0x0 /home/vagrant/devkitPro/devkitARM/bin/../lib/gcc/arm-none-eabi/4.9.2/../../../../arm-none-eabi/lib/libsysbase.a(syscall_support.o)
 .text          0x02015644       0xb0 /home/vagrant/devkitPro/devkitARM/bin/../lib/gcc/arm-none-eabi/4.9.2/../../../../arm-none-eabi/lib/libsysbase.a(handle_manager.o)
                0x02015644                __release_handle
                0x0201567c                __alloc_handle
                0x020156d8                __get_handle
 .text          0x020156f4      0x114 /home/vagrant/devkitPro/devkitARM/bin/../lib/gcc/arm-none-eabi/4.9.2/libgcc.a(_udivsi3.o)
                0x020156f4                __udivsi3
                0x020156f4                __aeabi_uidiv
                0x020157e8                __aeabi_uidivmod
 .text          0x02015808       0x3c /home/vagrant/devkitPro/devkitARM/bin/../lib/gcc/arm-none-eabi/4.9.2/libgcc.a(_aeabi_uldivmod.o)
                0x02015808                __aeabi_uldivmod
 .text          0x02015844       0x84 /home/vagrant/devkitPro/devkitARM/bin/../lib/gcc/arm-none-eabi/4.9.2/libgcc.a(bpabi.o)
                0x02015844                __gnu_ldivmod_helper
                0x02015888                __gnu_uldivmod_helper
 .text          0x020158c8      0x178 /home/vagrant/devkitPro/devkitARM/bin/../lib/gcc/arm-none-eabi/4.9.2/libgcc.a(_divdi3.o)
                0x020158c8                __divdi3
 .text          0x02015a40      0x120 /home/vagrant/devkitPro/devkitARM/bin/../lib/gcc/arm-none-eabi/4.9.2/libgcc.a(_udivdi3.o)
                0x02015a40                __udivdi3
 .text          0x02015b60       0x28 /home/vagrant/devkitPro/devkitARM/bin/../lib/gcc/arm-none-eabi/4.9.2/libgcc.a(_clzdi2.o)
                0x02015b60                __clzdi2
 .text          0x02015b88       0x48 /home/vagrant/devkitPro/devkitARM/bin/../lib/gcc/arm-none-eabi/4.9.2/libgcc.a(_clzsi2.o)
                0x02015b88                __clzsi2
 .text          0x02015bd0       0x10 /home/vagrant/devkitPro/devkitARM/bin/../lib/gcc/arm-none-eabi/4.9.2/../../../../arm-none-eabi/lib/libg.a(lib_a-errno.o)
                0x02015bd0                __errno
 .text          0x02015be0        0x0 /home/vagrant/devkitPro/devkitARM/bin/../lib/gcc/arm-none-eabi/4.9.2/crtend.o
 .text          0x02015be0        0x0 /home/vagrant/devkitPro/devkitARM/bin/../lib/gcc/arm-none-eabi/4.9.2/crtn.o
 *(.text.*)
 .text.startup  0x02015be0      0xc1c main.o
                0x02015be0                main
 *fill*         0x020167fc        0x4 ff
 .text.startup.__stub
                0x02016800       0x94 linker stubs
 *(.stub)
 *(.gnu.warning)
 *(.gnu.linkonce.t*)
 *(.glue_7)
 .glue_7        0x00000000        0x0 linker stubs
 *(.glue_7t)
 .glue_7t       0x00000000        0x0 linker stubs
                0x02016894                . = ALIGN (0x4)

.vfp11_veneer   0x020168b0        0x0
 .vfp11_veneer  0x00000000        0x0 linker stubs

.v4_bx          0x020168b0        0x0
 .v4_bx         0x00000000        0x0 linker stubs

.iplt           0x020168b0        0x0
 .iplt          0x00000000        0x0 /home/vagrant/devkitPro/devkitARM/bin/../lib/gcc/arm-none-eabi/4.9.2/../../../../arm-none-eabi/lib/ds_arm9_crt0.o

.fini           0x020168b0       0x18
 *(.fini)
 .fini          0x020168b0        0xc /home/vagrant/devkitPro/devkitARM/bin/../lib/gcc/arm-none-eabi/4.9.2/crti.o
                0x020168b0                _fini
 .fini          0x020168bc        0xc /home/vagrant/devkitPro/devkitARM/bin/../lib/gcc/arm-none-eabi/4.9.2/crtn.o
                0x020168c8                __text_end = .

.rodata         0x020168c8     0x642c
 *(.rodata)
 .rodata        0x020168c8       0xa0 gfx_ball.o
                0x020168c8                gfx_ballTiles
                0x02016948                gfx_ballPal
 .rodata        0x02016968      0x3a0 gfx_tileset.o
                0x02016968                gfx_tilesetTiles
                0x02016ce8                gfx_tilesetPal
 .rodata        0x02016d08      0x200 /home/vagrant/devkitPro/libnds/lib/libnds9.a(console.o)
 .rodata        0x02016f08     0x2004 /home/vagrant/devkitPro/libnds/lib/libnds9.a(default_font.bin.o)
                0x02016f08                default_font_bin
                0x02018f08                default_font_bin_end
                0x02018f08                default_font_bin_size
 .rodata        0x02018f0c      0x308 /home/vagrant/devkitPro/libnds/lib/libnds9.a(trig.o)
                0x02018f0c                SIN_LUT
                0x02019010                TAN_LUT
 .rodata        0x02019214        0x4 /home/vagrant/devkitPro/devkitARM/bin/../lib/gcc/arm-none-eabi/4.9.2/../../../../arm-none-eabi/lib/libg.a(lib_a-impure.o)
                0x02019214                _global_impure_ptr
 .rodata        0x02019218       0x24 /home/vagrant/devkitPro/devkitARM/bin/../lib/gcc/arm-none-eabi/4.9.2/../../../../arm-none-eabi/lib/libg.a(lib_a-svfiscanf.o)
 .rodata        0x0201923c       0x20 /home/vagrant/devkitPro/devkitARM/bin/../lib/gcc/arm-none-eabi/4.9.2/../../../../arm-none-eabi/lib/libg.a(lib_a-vfiprintf.o)
 .rodata        0x0201925c      0x104 /home/vagrant/devkitPro/devkitARM/bin/../lib/gcc/arm-none-eabi/4.9.2/../../../../arm-none-eabi/lib/libg.a(lib_a-ctype_.o)
                0x0201925c                _ctype_
 .rodata        0x02019360     0x34d0 /home/vagrant/devkitPro/devkitARM/bin/../lib/gcc/arm-none-eabi/4.9.2/../../../../arm-none-eabi/lib/libg.a(lib_a-jp2uc.o)
 .rodata        0x0201c830       0x1c /home/vagrant/devkitPro/devkitARM/bin/../lib/gcc/arm-none-eabi/4.9.2/../../../../arm-none-eabi/lib/libg.a(lib_a-locale.o)
 .rodata        0x0201c84c       0x90 /home/vagrant/devkitPro/devkitARM/bin/../lib/gcc/arm-none-eabi/4.9.2/../../../../arm-none-eabi/lib/libg.a(lib_a-mbtowc_r.o)
 .rodata        0x0201c8dc      0x1f8 /home/vagrant/devkitPro/devkitARM/bin/../lib/gcc/arm-none-eabi/4.9.2/../../../../arm-none-eabi/lib/libg.a(lib_a-svfiprintf.o)
                0x0201c8dc                __chclass
                0x0201c9dc                __state_table
                0x0201ca48                __action_table
 .rodata        0x0201cad4       0x64 /home/vagrant/devkitPro/devkitARM/bin/../lib/gcc/arm-none-eabi/4.9.2/../../../../arm-none-eabi/lib/libsysbase.a(iosupport.o)
                0x0201cad4                dotab_stdnull
 *all.rodata*(*)
 *(.roda)
 *(.rodata.*)
 .rodata.str1.4
                0x0201cb38       0x14 main.o
 .rodata.str1.4
                0x0201cb4c       0x44 /home/vagrant/devkitPro/libnds/lib/libnds9.a(console.o)
                                 0x4c (size before relaxing)
 .rodata.str1.4
                0x0201cb90        0x2 /home/vagrant/devkitPro/devkitARM/bin/../lib/gcc/arm-none-eabi/4.9.2/../../../../arm-none-eabi/lib/libg.a(lib_a-impure.o)
                                  0x4 (size before relaxing)
 *fill*         0x0201cb92        0x2 ff
 .rodata.str1.4
                0x0201cb94       0x2f /home/vagrant/devkitPro/devkitARM/bin/../lib/gcc/arm-none-eabi/4.9.2/../../../../arm-none-eabi/lib/libg.a(lib_a-vfiprintf.o)
                                 0x30 (size before relaxing)
 *fill*         0x0201cbc3        0x1 ff
 .rodata.str1.4
                0x0201cbc4       0x12 /home/vagrant/devkitPro/devkitARM/bin/../lib/gcc/arm-none-eabi/4.9.2/../../../../arm-none-eabi/lib/libg.a(lib_a-jp2uc.o)
                                 0x14 (size before relaxing)
 *fill*         0x0201cbd6        0x2 ff
 .rodata.str1.4
                0x0201cbd8      0x112 /home/vagrant/devkitPro/devkitARM/bin/../lib/gcc/arm-none-eabi/4.9.2/../../../../arm-none-eabi/lib/libg.a(lib_a-locale.o)
                                0x130 (size before relaxing)
 .rodata.str1.4
                0x00000000        0x4 /home/vagrant/devkitPro/devkitARM/bin/../lib/gcc/arm-none-eabi/4.9.2/../../../../arm-none-eabi/lib/libg.a(lib_a-mbrtowc.o)
 .rodata.str1.4
                0x00000000       0x30 /home/vagrant/devkitPro/devkitARM/bin/../lib/gcc/arm-none-eabi/4.9.2/../../../../arm-none-eabi/lib/libg.a(lib_a-svfiprintf.o)
 *fill*         0x0201ccea        0x2 ff
 .rodata.str1.4
                0x0201ccec        0x8 /home/vagrant/devkitPro/devkitARM/bin/../lib/gcc/arm-none-eabi/4.9.2/../../../../arm-none-eabi/lib/libsysbase.a(iosupport.o)
 *(.gnu.linkonce.r*)
                0x0201ccf4                . = ALIGN (0x4)

.rel.dyn        0x0201ccf4        0x0
 .rel.iplt      0x00000000        0x0 /home/vagrant/devkitPro/devkitARM/bin/../lib/gcc/arm-none-eabi/4.9.2/../../../../arm-none-eabi/lib/ds_arm9_crt0.o

.ARM.extab
 *(.ARM.extab* .gnu.linkonce.armextab.*)
                0x0201ccf4                __exidx_start = .

ARM.exidx
 *(.ARM.exidx* .gnu.linkonce.armexidx.*)
                0x0201ccf4                __exidx_end = .
                0x0201ccf4                . = ALIGN (0x4)
                0x0201ccf4                PROVIDE (__preinit_array_start, .)

.preinit_array
 *(.preinit_array)
                0x0201ccf4                PROVIDE (__preinit_array_end, .)
                0x0201ccf4                PROVIDE (__init_array_start, .)

.init_array     0x0201ccf4        0x4
 *(SORT(.init_array.*))
 *(.init_array)
 .init_array    0x0201ccf4        0x4 /home/vagrant/devkitPro/devkitARM/bin/../lib/gcc/arm-none-eabi/4.9.2/crtbegin.o
                0x0201ccf8                PROVIDE (__init_array_end, .)
                0x0201ccf8                PROVIDE (__fini_array_start, .)

.fini_array     0x0201ccf8        0x4
 *(.fini_array)
 .fini_array    0x0201ccf8        0x4 /home/vagrant/devkitPro/devkitARM/bin/../lib/gcc/arm-none-eabi/4.9.2/crtbegin.o
 *(SORT(.fini_array.*))
                0x0201ccfc                PROVIDE (__fini_array_end, .)

.ctors          0x0201ccfc        0x0
 *crtbegin.o(.ctors)
 *(EXCLUDE_FILE(*crtend.o) .ctors)
 *(SORT(.ctors.*))
 *(.ctors)
                0x0201ccfc                . = ALIGN (0x4)

.dtors          0x0201ccfc        0x0
 *crtbegin.o(.dtors)
 *(EXCLUDE_FILE(*crtend.o) .dtors)
 *(SORT(.dtors.*))
 *(.dtors)
                0x0201ccfc                . = ALIGN (0x4)

.eh_frame       0x0201ccfc        0x4
 *(.eh_frame)
 .eh_frame      0x0201ccfc        0x0 /home/vagrant/devkitPro/devkitARM/bin/../lib/gcc/arm-none-eabi/4.9.2/crtbegin.o
 .eh_frame      0x0201ccfc        0x4 /home/vagrant/devkitPro/devkitARM/bin/../lib/gcc/arm-none-eabi/4.9.2/crtend.o
                0x0201cd00                . = ALIGN (0x4)

.gcc_except_table
                0x0201cd00        0x0
 *(.gcc_except_table)
                0x0201cd00                . = ALIGN (0x4)

.jcr            0x0201cd00        0x4
 *(.jcr)
 .jcr           0x0201cd00        0x0 /home/vagrant/devkitPro/devkitARM/bin/../lib/gcc/arm-none-eabi/4.9.2/crtbegin.o
 .jcr           0x0201cd00        0x4 /home/vagrant/devkitPro/devkitARM/bin/../lib/gcc/arm-none-eabi/4.9.2/crtend.o

.got
 *(.got.plt)
 *(.got)
 *(.rel.got)

.ewram          0x0201cd04        0x0
                0x0201cd04                __ewram_start = ABSOLUTE (.)
 *(.ewram)
 *ewram.*(.text)
                0x0201cd04                . = ALIGN (0x4)

.data           0x0201cd04      0xaec
                0x0201cd04                __data_start = ABSOLUTE (.)
 *(.data)
 .data          0x0201cd04        0x0 /home/vagrant/devkitPro/devkitARM/bin/../lib/gcc/arm-none-eabi/4.9.2/../../../../arm-none-eabi/lib/ds_arm9_crt0.o
 .data          0x0201cd04        0x0 /home/vagrant/devkitPro/devkitARM/bin/../lib/gcc/arm-none-eabi/4.9.2/crti.o
 .data          0x0201cd04        0x4 /home/vagrant/devkitPro/devkitARM/bin/../lib/gcc/arm-none-eabi/4.9.2/crtbegin.o
                0x0201cd04                __dso_handle
 .data          0x0201cd08        0x0 gfx_ball.o
 .data          0x0201cd08        0x0 gfx_tileset.o
 .data          0x0201cd08        0x0 character.o
 .data          0x0201cd08        0x0 main.o
 .data          0x0201cd08       0x64 /home/vagrant/devkitPro/libnds/lib/libnds9.a(console.o)
                0x0201cd08                currentConsole
                0x0201cd0c                defaultConsole
 .data          0x0201cd6c        0x3 /home/vagrant/devkitPro/libnds/lib/libnds9.a(keys.o)
 .data          0x0201cd6f        0x0 /home/vagrant/devkitPro/libnds/lib/libnds9.a(initSystem.o)
 *fill*         0x0201cd6f        0x1 ff
 .data          0x0201cd70       0x10 /home/vagrant/devkitPro/libnds/lib/libnds9.a(fifosystem.o)
                0x0201cd70                fifo_buffer_free
                0x0201cd74                fifo_freewords
                0x0201cd78                fifo_send_queue
                0x0201cd7c                fifo_receive_queue
 .data          0x0201cd80        0x0 /home/vagrant/devkitPro/libnds/lib/libnds9.a(interrupts.o)
 .data          0x0201cd80        0x0 /home/vagrant/devkitPro/libnds/lib/libnds9.a(libnds_exit.arm.o)
 .data          0x0201cd80        0x0 /home/vagrant/devkitPro/libnds/lib/libnds9.a(mpu_setup.o)
 .data          0x0201cd80        0x0 /home/vagrant/devkitPro/libnds/lib/libnds9.a(biosCalls.o)
 .data          0x0201cd80        0x0 /home/vagrant/devkitPro/libnds/lib/libnds9.a(debugprint.o)
 .data          0x0201cd80        0x0 /home/vagrant/devkitPro/libnds/lib/libnds9.a(interruptDispatcher.o)
 .data          0x0201cd80        0x0 /home/vagrant/devkitPro/libnds/lib/libnds9.a(swiSoftReset.o)
 .data          0x0201cd80        0x0 /home/vagrant/devkitPro/libnds/lib/libnds9.a(default_font.bin.o)
 .data          0x0201cd80       0x60 /home/vagrant/devkitPro/libnds/lib/libnds9.a(background.o)
                0x0201cd80                bgScrollTable
                0x0201cda0                bgTransform
                0x0201cdc0                bgControl
 .data          0x0201cde0        0x0 /home/vagrant/devkitPro/libnds/lib/libnds9.a(system.o)
 .data          0x0201cde0        0x0 /home/vagrant/devkitPro/libnds/lib/libnds9.a(trig.o)
 .data          0x0201cde0        0x0 /home/vagrant/devkitPro/libnds/lib/libnds9.a(video.o)
 .data          0x0201cde0        0x0 /home/vagrant/devkitPro/devkitARM/bin/../lib/gcc/arm-none-eabi/4.9.2/libgcc.a(_divsi3.o)
 .data          0x0201cde0        0x0 /home/vagrant/devkitPro/devkitARM/bin/../lib/gcc/arm-none-eabi/4.9.2/libgcc.a(_dvmd_tls.o)
 .data          0x0201cde0        0x0 /home/vagrant/devkitPro/devkitARM/bin/../lib/gcc/arm-none-eabi/4.9.2/../../../../arm-none-eabi/lib/libg.a(lib_a-bsearch.o)
 *fill*         0x0201cde0        0x0 ff
 .data          0x0201cde0      0x430 /home/vagrant/devkitPro/devkitARM/bin/../lib/gcc/arm-none-eabi/4.9.2/../../../../arm-none-eabi/lib/libg.a(lib_a-impure.o)
                0x0201cde0                _impure_ptr
 .data          0x0201d210        0x0 /home/vagrant/devkitPro/devkitARM/bin/../lib/gcc/arm-none-eabi/4.9.2/../../../../arm-none-eabi/lib/libg.a(lib_a-init.o)
 .data          0x0201d210        0x0 /home/vagrant/devkitPro/devkitARM/bin/../lib/gcc/arm-none-eabi/4.9.2/../../../../arm-none-eabi/lib/libg.a(lib_a-iprintf.o)
 .data          0x0201d210        0x0 /home/vagrant/devkitPro/devkitARM/bin/../lib/gcc/arm-none-eabi/4.9.2/../../../../arm-none-eabi/lib/libg.a(lib_a-memcpy-stub.o)
 .data          0x0201d210        0x0 /home/vagrant/devkitPro/devkitARM/bin/../lib/gcc/arm-none-eabi/4.9.2/../../../../arm-none-eabi/lib/libg.a(lib_a-memset.o)
 .data          0x0201d210        0x0 /home/vagrant/devkitPro/devkitARM/bin/../lib/gcc/arm-none-eabi/4.9.2/../../../../arm-none-eabi/lib/libg.a(lib_a-setvbuf.o)
 .data          0x0201d210        0x0 /home/vagrant/devkitPro/devkitARM/bin/../lib/gcc/arm-none-eabi/4.9.2/../../../../arm-none-eabi/lib/libg.a(lib_a-siscanf.o)
 .data          0x0201d210        0x0 /home/vagrant/devkitPro/devkitARM/bin/../lib/gcc/arm-none-eabi/4.9.2/../../../../arm-none-eabi/lib/libg.a(lib_a-stdio.o)
 .data          0x0201d210        0x0 /home/vagrant/devkitPro/devkitARM/bin/../lib/gcc/arm-none-eabi/4.9.2/../../../../arm-none-eabi/lib/libg.a(lib_a-strlen.o)
 .data          0x0201d210        0x0 /home/vagrant/devkitPro/devkitARM/bin/../lib/gcc/arm-none-eabi/4.9.2/../../../../arm-none-eabi/lib/libg.a(lib_a-svfiscanf.o)
 .data          0x0201d210        0x0 /home/vagrant/devkitPro/devkitARM/bin/../lib/gcc/arm-none-eabi/4.9.2/../../../../arm-none-eabi/lib/libg.a(lib_a-ungetc.o)
 .data          0x0201d210        0x0 /home/vagrant/devkitPro/devkitARM/bin/../lib/gcc/arm-none-eabi/4.9.2/../../../../arm-none-eabi/lib/libg.a(lib_a-vfiprintf.o)
 .data          0x0201d210        0x0 /home/vagrant/devkitPro/devkitARM/bin/../lib/gcc/arm-none-eabi/4.9.2/../../../../arm-none-eabi/lib/libg.a(lib_a-wcrtomb.o)
 .data          0x0201d210        0x0 /home/vagrant/devkitPro/devkitARM/bin/../lib/gcc/arm-none-eabi/4.9.2/../../../../arm-none-eabi/lib/libg.a(lib_a-wcsrtombs.o)
 .data          0x0201d210        0x4 /home/vagrant/devkitPro/devkitARM/bin/../lib/gcc/arm-none-eabi/4.9.2/../../../../arm-none-eabi/lib/libg.a(lib_a-wctomb_r.o)
                0x0201d210                __wctomb
 .data          0x0201d214        0x0 /home/vagrant/devkitPro/devkitARM/bin/../lib/gcc/arm-none-eabi/4.9.2/../../../../arm-none-eabi/lib/libg.a(lib_a-wsetup.o)
 .data          0x0201d214        0x4 /home/vagrant/devkitPro/devkitARM/bin/../lib/gcc/arm-none-eabi/4.9.2/../../../../arm-none-eabi/lib/libg.a(lib_a-ctype_.o)
                0x0201d214                __ctype_ptr__
 .data          0x0201d218        0x0 /home/vagrant/devkitPro/devkitARM/bin/../lib/gcc/arm-none-eabi/4.9.2/../../../../arm-none-eabi/lib/libg.a(lib_a-fflush.o)
 .data          0x0201d218        0x0 /home/vagrant/devkitPro/devkitARM/bin/../lib/gcc/arm-none-eabi/4.9.2/../../../../arm-none-eabi/lib/libg.a(lib_a-findfp.o)
 .data          0x0201d218        0x0 /home/vagrant/devkitPro/devkitARM/bin/../lib/gcc/arm-none-eabi/4.9.2/../../../../arm-none-eabi/lib/libg.a(lib_a-fputwc.o)
 .data          0x0201d218        0x0 /home/vagrant/devkitPro/devkitARM/bin/../lib/gcc/arm-none-eabi/4.9.2/../../../../arm-none-eabi/lib/libg.a(lib_a-freer.o)
 .data          0x0201d218        0x0 /home/vagrant/devkitPro/devkitARM/bin/../lib/gcc/arm-none-eabi/4.9.2/../../../../arm-none-eabi/lib/libg.a(lib_a-fvwrite.o)
 .data          0x0201d218        0x0 /home/vagrant/devkitPro/devkitARM/bin/../lib/gcc/arm-none-eabi/4.9.2/../../../../arm-none-eabi/lib/libg.a(lib_a-fwalk.o)
 .data          0x0201d218        0x0 /home/vagrant/devkitPro/devkitARM/bin/../lib/gcc/arm-none-eabi/4.9.2/../../../../arm-none-eabi/lib/libg.a(lib_a-iswspace.o)
 .data          0x0201d218        0x0 /home/vagrant/devkitPro/devkitARM/bin/../lib/gcc/arm-none-eabi/4.9.2/../../../../arm-none-eabi/lib/libg.a(lib_a-jp2uc.o)
 .data          0x0201d218      0x17c /home/vagrant/devkitPro/devkitARM/bin/../lib/gcc/arm-none-eabi/4.9.2/../../../../arm-none-eabi/lib/libg.a(lib_a-locale.o)
                0x0201d218                __default_locale
                0x0201d338                __mb_cur_max
 .data          0x0201d394        0x0 /home/vagrant/devkitPro/devkitARM/bin/../lib/gcc/arm-none-eabi/4.9.2/../../../../arm-none-eabi/lib/libg.a(lib_a-makebuf.o)
 .data          0x0201d394        0x0 /home/vagrant/devkitPro/devkitARM/bin/../lib/gcc/arm-none-eabi/4.9.2/../../../../arm-none-eabi/lib/libg.a(lib_a-malloc.o)
 .data          0x0201d394      0x410 /home/vagrant/devkitPro/devkitARM/bin/../lib/gcc/arm-none-eabi/4.9.2/../../../../arm-none-eabi/lib/libg.a(lib_a-mallocr.o)
                0x0201d394                __malloc_av_
                0x0201d79c                __malloc_sbrk_base
                0x0201d7a0                __malloc_trim_threshold
 .data          0x0201d7a4        0x0 /home/vagrant/devkitPro/devkitARM/bin/../lib/gcc/arm-none-eabi/4.9.2/../../../../arm-none-eabi/lib/libg.a(lib_a-mbrtowc.o)
 .data          0x0201d7a4        0x4 /home/vagrant/devkitPro/devkitARM/bin/../lib/gcc/arm-none-eabi/4.9.2/../../../../arm-none-eabi/lib/libg.a(lib_a-mbtowc_r.o)
                0x0201d7a4                __mbtowc
 .data          0x0201d7a8        0x0 /home/vagrant/devkitPro/devkitARM/bin/../lib/gcc/arm-none-eabi/4.9.2/../../../../arm-none-eabi/lib/libg.a(lib_a-memchr-stub.o)
 .data          0x0201d7a8        0x0 /home/vagrant/devkitPro/devkitARM/bin/../lib/gcc/arm-none-eabi/4.9.2/../../../../arm-none-eabi/lib/libg.a(lib_a-memmove.o)
 .data          0x0201d7a8        0x0 /home/vagrant/devkitPro/devkitARM/bin/../lib/gcc/arm-none-eabi/4.9.2/../../../../arm-none-eabi/lib/libg.a(lib_a-mlock.o)
 .data          0x0201d7a8        0x0 /home/vagrant/devkitPro/devkitARM/bin/../lib/gcc/arm-none-eabi/4.9.2/../../../../arm-none-eabi/lib/libg.a(lib_a-reallocr.o)
 .data          0x0201d7a8        0x0 /home/vagrant/devkitPro/devkitARM/bin/../lib/gcc/arm-none-eabi/4.9.2/../../../../arm-none-eabi/lib/libg.a(lib_a-sccl.o)
 .data          0x0201d7a8        0x0 /home/vagrant/devkitPro/devkitARM/bin/../lib/gcc/arm-none-eabi/4.9.2/../../../../arm-none-eabi/lib/libg.a(lib_a-strcasecmp.o)
 .data          0x0201d7a8        0x0 /home/vagrant/devkitPro/devkitARM/bin/../lib/gcc/arm-none-eabi/4.9.2/../../../../arm-none-eabi/lib/libg.a(lib_a-strcat.o)
 .data          0x0201d7a8        0x0 /home/vagrant/devkitPro/devkitARM/bin/../lib/gcc/arm-none-eabi/4.9.2/../../../../arm-none-eabi/lib/libg.a(lib_a-strchr.o)
 .data          0x0201d7a8        0x0 /home/vagrant/devkitPro/devkitARM/bin/../lib/gcc/arm-none-eabi/4.9.2/../../../../arm-none-eabi/lib/libg.a(lib_a-strcmp.o)
 .data          0x0201d7a8        0x0 /home/vagrant/devkitPro/devkitARM/bin/../lib/gcc/arm-none-eabi/4.9.2/../../../../arm-none-eabi/lib/libg.a(lib_a-strcpy.o)
 .data          0x0201d7a8        0x0 /home/vagrant/devkitPro/devkitARM/bin/../lib/gcc/arm-none-eabi/4.9.2/../../../../arm-none-eabi/lib/libg.a(lib_a-strlcpy.o)
 .data          0x0201d7a8        0x0 /home/vagrant/devkitPro/devkitARM/bin/../lib/gcc/arm-none-eabi/4.9.2/../../../../arm-none-eabi/lib/libg.a(lib_a-strncasecmp.o)
 .data          0x0201d7a8        0x0 /home/vagrant/devkitPro/devkitARM/bin/../lib/gcc/arm-none-eabi/4.9.2/../../../../arm-none-eabi/lib/libg.a(lib_a-strncmp.o)
 .data          0x0201d7a8        0x0 /home/vagrant/devkitPro/devkitARM/bin/../lib/gcc/arm-none-eabi/4.9.2/../../../../arm-none-eabi/lib/libg.a(lib_a-strncpy.o)
 .data          0x0201d7a8        0x0 /home/vagrant/devkitPro/devkitARM/bin/../lib/gcc/arm-none-eabi/4.9.2/../../../../arm-none-eabi/lib/libg.a(lib_a-strtoll_r.o)
 .data          0x0201d7a8        0x0 /home/vagrant/devkitPro/devkitARM/bin/../lib/gcc/arm-none-eabi/4.9.2/../../../../arm-none-eabi/lib/libg.a(lib_a-strtol.o)
 .data          0x0201d7a8        0x0 /home/vagrant/devkitPro/devkitARM/bin/../lib/gcc/arm-none-eabi/4.9.2/../../../../arm-none-eabi/lib/libg.a(lib_a-strtoull_r.o)
 .data          0x0201d7a8        0x0 /home/vagrant/devkitPro/devkitARM/bin/../lib/gcc/arm-none-eabi/4.9.2/../../../../arm-none-eabi/lib/libg.a(lib_a-strtoul.o)
 .data          0x0201d7a8        0x0 /home/vagrant/devkitPro/devkitARM/bin/../lib/gcc/arm-none-eabi/4.9.2/../../../../arm-none-eabi/lib/libg.a(lib_a-svfiprintf.o)
 .data          0x0201d7a8        0x0 /home/vagrant/devkitPro/devkitARM/bin/../lib/gcc/arm-none-eabi/4.9.2/../../../../arm-none-eabi/lib/libg.a(lib_a-wbuf.o)
 .data          0x0201d7a8        0x0 /home/vagrant/devkitPro/devkitARM/bin/../lib/gcc/arm-none-eabi/4.9.2/../../../../arm-none-eabi/lib/libg.a(lib_a-wcsnrtombs.o)
 .data          0x0201d7a8        0x0 /home/vagrant/devkitPro/devkitARM/bin/../lib/gcc/arm-none-eabi/4.9.2/../../../../arm-none-eabi/lib/libg.a(lib_a-fclose.o)
 .data          0x0201d7a8        0x0 /home/vagrant/devkitPro/devkitARM/bin/../lib/gcc/arm-none-eabi/4.9.2/../../../../arm-none-eabi/lib/libg.a(lib_a-getenv_r.o)
 .data          0x0201d7a8        0x4 /home/vagrant/devkitPro/devkitARM/bin/../lib/gcc/arm-none-eabi/4.9.2/../../../../arm-none-eabi/lib/libg.a(lib_a-environ.o)
                0x0201d7a8                environ
 .data          0x0201d7ac        0x0 /home/vagrant/devkitPro/devkitARM/bin/../lib/gcc/arm-none-eabi/4.9.2/../../../../arm-none-eabi/lib/libg.a(lib_a-envlock.o)
 .data          0x0201d7ac       0x44 /home/vagrant/devkitPro/devkitARM/bin/../lib/gcc/arm-none-eabi/4.9.2/../../../../arm-none-eabi/lib/libsysbase.a(iosupport.o)
                0x0201d7b0                devoptab_list
 .data          0x0201d7f0        0x0 /home/vagrant/devkitPro/devkitARM/bin/../lib/gcc/arm-none-eabi/4.9.2/../../../../arm-none-eabi/lib/libsysbase.a(close.o)
 .data          0x0201d7f0        0x0 /home/vagrant/devkitPro/devkitARM/bin/../lib/gcc/arm-none-eabi/4.9.2/../../../../arm-none-eabi/lib/libsysbase.a(fstat.o)
 .data          0x0201d7f0        0x0 /home/vagrant/devkitPro/devkitARM/bin/../lib/gcc/arm-none-eabi/4.9.2/../../../../arm-none-eabi/lib/libsysbase.a(isatty.o)
 .data          0x0201d7f0        0x0 /home/vagrant/devkitPro/devkitARM/bin/../lib/gcc/arm-none-eabi/4.9.2/../../../../arm-none-eabi/lib/libsysbase.a(lseek.o)
 .data          0x0201d7f0        0x0 /home/vagrant/devkitPro/devkitARM/bin/../lib/gcc/arm-none-eabi/4.9.2/../../../../arm-none-eabi/lib/libsysbase.a(read.o)
 .data          0x0201d7f0        0x0 /home/vagrant/devkitPro/devkitARM/bin/../lib/gcc/arm-none-eabi/4.9.2/../../../../arm-none-eabi/lib/libsysbase.a(sbrk.o)
 .data          0x0201d7f0        0x0 /home/vagrant/devkitPro/devkitARM/bin/../lib/gcc/arm-none-eabi/4.9.2/../../../../arm-none-eabi/lib/libsysbase.a(times.o)
 .data          0x0201d7f0        0x0 /home/vagrant/devkitPro/devkitARM/bin/../lib/gcc/arm-none-eabi/4.9.2/../../../../arm-none-eabi/lib/libsysbase.a(write.o)
 .data          0x0201d7f0        0x0 /home/vagrant/devkitPro/devkitARM/bin/../lib/gcc/arm-none-eabi/4.9.2/../../../../arm-none-eabi/lib/libsysbase.a(malloc_vars.o)
 .data          0x0201d7f0        0x0 /home/vagrant/devkitPro/devkitARM/bin/../lib/gcc/arm-none-eabi/4.9.2/../../../../arm-none-eabi/lib/libsysbase.a(build_argv.o)
 .data          0x0201d7f0        0x0 /home/vagrant/devkitPro/devkitARM/bin/../lib/gcc/arm-none-eabi/4.9.2/../../../../arm-none-eabi/lib/libsysbase.a(syscall_support.o)
 .data          0x0201d7f0        0x0 /home/vagrant/devkitPro/devkitARM/bin/../lib/gcc/arm-none-eabi/4.9.2/../../../../arm-none-eabi/lib/libsysbase.a(handle_manager.o)
 .data          0x0201d7f0        0x0 /home/vagrant/devkitPro/devkitARM/bin/../lib/gcc/arm-none-eabi/4.9.2/libgcc.a(_udivsi3.o)
 .data          0x0201d7f0        0x0 /home/vagrant/devkitPro/devkitARM/bin/../lib/gcc/arm-none-eabi/4.9.2/libgcc.a(_aeabi_uldivmod.o)
 .data          0x0201d7f0        0x0 /home/vagrant/devkitPro/devkitARM/bin/../lib/gcc/arm-none-eabi/4.9.2/libgcc.a(bpabi.o)
 .data          0x0201d7f0        0x0 /home/vagrant/devkitPro/devkitARM/bin/../lib/gcc/arm-none-eabi/4.9.2/libgcc.a(_divdi3.o)
 .data          0x0201d7f0        0x0 /home/vagrant/devkitPro/devkitARM/bin/../lib/gcc/arm-none-eabi/4.9.2/libgcc.a(_udivdi3.o)
 .data          0x0201d7f0        0x0 /home/vagrant/devkitPro/devkitARM/bin/../lib/gcc/arm-none-eabi/4.9.2/libgcc.a(_clzdi2.o)
 .data          0x0201d7f0        0x0 /home/vagrant/devkitPro/devkitARM/bin/../lib/gcc/arm-none-eabi/4.9.2/libgcc.a(_clzsi2.o)
 .data          0x0201d7f0        0x0 /home/vagrant/devkitPro/devkitARM/bin/../lib/gcc/arm-none-eabi/4.9.2/../../../../arm-none-eabi/lib/libg.a(lib_a-errno.o)
 .data          0x0201d7f0        0x0 /home/vagrant/devkitPro/devkitARM/bin/../lib/gcc/arm-none-eabi/4.9.2/crtend.o
 .data          0x0201d7f0        0x0 /home/vagrant/devkitPro/devkitARM/bin/../lib/gcc/arm-none-eabi/4.9.2/crtn.o
 *(.data.*)
 *(.gnu.linkonce.d*)
                0x0201d7f0                . = ALIGN (0x4)
                0x0201d7f0                __data_end = ABSOLUTE (.)
                0x0201d7f0                __dtcm_lma = .
                0x0201d7f0                __bss_vma = .

.igot.plt       0x0201d7f0        0x0
 .igot.plt      0x00000000        0x0 /home/vagrant/devkitPro/devkitARM/bin/../lib/gcc/arm-none-eabi/4.9.2/../../../../arm-none-eabi/lib/ds_arm9_crt0.o

.tm_clone_table
                0x0201d7f0        0x0
 .tm_clone_table
                0x0201d7f0        0x0 /home/vagrant/devkitPro/devkitARM/bin/../lib/gcc/arm-none-eabi/4.9.2/crtbegin.o
 .tm_clone_table
                0x0201d7f0        0x0 /home/vagrant/devkitPro/devkitARM/bin/../lib/gcc/arm-none-eabi/4.9.2/crtend.o

.dtcm           0x0b000000        0x0 load address 0x0201d7f0
 *(.dtcm)
 *(.dtcm.*)
                0x0b000000                . = ALIGN (0x4)
                0x0b000000                __dtcm_end = ABSOLUTE (.)
                0x0201d7f0                __itcm_lma = (__dtcm_lma + SIZEOF (.dtcm))

.itcm           0x01000100      0x194 load address 0x0201d7f0
 *(.itcm)
 .itcm          0x01000100       0xc8 /home/vagrant/devkitPro/libnds/lib/libnds9.a(interrupts.o)
                0x01000100                irqTable
 .itcm          0x010001c8       0xcc /home/vagrant/devkitPro/libnds/lib/libnds9.a(interruptDispatcher.o)
                0x010001c8                IntrMain
 *itcm.*(.text)
                0x01000294                . = ALIGN (0x4)
                0x01000294                __itcm_end = ABSOLUTE (.)
                0x0201d984                __vectors_lma = (__itcm_lma + SIZEOF (.itcm))

.vectors        0x01000000        0x0 load address 0x0201d984
 *(.vectors)
 *vectors.*(.text)
                0x01000000                . = ALIGN (0x4)
                0x01000000                __vectors_end = ABSOLUTE (.)

.sbss           0x0b000000        0x0
                0x0b000000                __sbss_start = ABSOLUTE (.)
                0x0b000000                __sbss_start__ = ABSOLUTE (.)
 *(.sbss)
                0x0b000000                . = ALIGN (0x4)
                0x0b000000                __sbss_end = ABSOLUTE (.)

.bss            0x0201d7f0     0x1f44
                0x0201d7f0                __bss_start = ABSOLUTE (.)
                0x0201d7f0                __bss_start__ = ABSOLUTE (.)
 *(.dynbss)
 *(.gnu.linkonce.b*)
 *(.bss*)
 .bss           0x0201d7f0        0x0 /home/vagrant/devkitPro/devkitARM/bin/../lib/gcc/arm-none-eabi/4.9.2/../../../../arm-none-eabi/lib/ds_arm9_crt0.o
 .bss           0x0201d7f0        0x0 /home/vagrant/devkitPro/devkitARM/bin/../lib/gcc/arm-none-eabi/4.9.2/crti.o
 .bss           0x0201d7f0       0x1c /home/vagrant/devkitPro/devkitARM/bin/../lib/gcc/arm-none-eabi/4.9.2/crtbegin.o
 .bss           0x0201d80c        0x0 gfx_ball.o
 .bss           0x0201d80c        0x0 gfx_tileset.o
 .bss           0x0201d80c        0x0 character.o
 .bss           0x0201d80c        0x8 main.o
                0x0201d80c                scrolling
                0x0201d810                horizontal
 .bss           0x0201d814        0x0 /home/vagrant/devkitPro/libnds/lib/libnds9.a(console.o)
 .bss           0x0201d814        0x6 /home/vagrant/devkitPro/libnds/lib/libnds9.a(keys.o)
 .bss           0x0201d81a        0x0 /home/vagrant/devkitPro/libnds/lib/libnds9.a(initSystem.o)
 *fill*         0x0201d81a        0x2 
 .bss           0x0201d81c        0x8 /home/vagrant/devkitPro/libnds/lib/libnds9.a(fifosystem.o)
                0x0201d820                processing
 .bss           0x0201d824        0x0 /home/vagrant/devkitPro/libnds/lib/libnds9.a(interrupts.o)
 .bss           0x0201d824        0x0 /home/vagrant/devkitPro/libnds/lib/libnds9.a(libnds_exit.arm.o)
 .bss           0x0201d824        0x0 /home/vagrant/devkitPro/libnds/lib/libnds9.a(mpu_setup.o)
 .bss           0x0201d824        0x0 /home/vagrant/devkitPro/libnds/lib/libnds9.a(biosCalls.o)
 .bss           0x0201d824        0x0 /home/vagrant/devkitPro/libnds/lib/libnds9.a(debugprint.o)
 .bss           0x0201d824        0x0 /home/vagrant/devkitPro/libnds/lib/libnds9.a(interruptDispatcher.o)
 .bss           0x0201d824        0x0 /home/vagrant/devkitPro/libnds/lib/libnds9.a(swiSoftReset.o)
 .bss           0x0201d824        0x0 /home/vagrant/devkitPro/libnds/lib/libnds9.a(default_font.bin.o)
 .bss           0x0201d824        0x0 /home/vagrant/devkitPro/libnds/lib/libnds9.a(background.o)
 .bss           0x0201d824        0x4 /home/vagrant/devkitPro/libnds/lib/libnds9.a(system.o)
 .bss           0x0201d828        0x0 /home/vagrant/devkitPro/libnds/lib/libnds9.a(trig.o)
 .bss           0x0201d828        0x0 /home/vagrant/devkitPro/libnds/lib/libnds9.a(video.o)
 .bss           0x0201d828        0x0 /home/vagrant/devkitPro/devkitARM/bin/../lib/gcc/arm-none-eabi/4.9.2/libgcc.a(_divsi3.o)
 .bss           0x0201d828        0x0 /home/vagrant/devkitPro/devkitARM/bin/../lib/gcc/arm-none-eabi/4.9.2/libgcc.a(_dvmd_tls.o)
 .bss           0x0201d828        0x0 /home/vagrant/devkitPro/devkitARM/bin/../lib/gcc/arm-none-eabi/4.9.2/../../../../arm-none-eabi/lib/libg.a(lib_a-bsearch.o)
 .bss           0x0201d828        0x0 /home/vagrant/devkitPro/devkitARM/bin/../lib/gcc/arm-none-eabi/4.9.2/../../../../arm-none-eabi/lib/libg.a(lib_a-impure.o)
 .bss           0x0201d828        0x0 /home/vagrant/devkitPro/devkitARM/bin/../lib/gcc/arm-none-eabi/4.9.2/../../../../arm-none-eabi/lib/libg.a(lib_a-init.o)
 .bss           0x0201d828        0x0 /home/vagrant/devkitPro/devkitARM/bin/../lib/gcc/arm-none-eabi/4.9.2/../../../../arm-none-eabi/lib/libg.a(lib_a-iprintf.o)
 .bss           0x0201d828        0x0 /home/vagrant/devkitPro/devkitARM/bin/../lib/gcc/arm-none-eabi/4.9.2/../../../../arm-none-eabi/lib/libg.a(lib_a-memcpy-stub.o)
 .bss           0x0201d828        0x0 /home/vagrant/devkitPro/devkitARM/bin/../lib/gcc/arm-none-eabi/4.9.2/../../../../arm-none-eabi/lib/libg.a(lib_a-memset.o)
 .bss           0x0201d828        0x0 /home/vagrant/devkitPro/devkitARM/bin/../lib/gcc/arm-none-eabi/4.9.2/../../../../arm-none-eabi/lib/libg.a(lib_a-setvbuf.o)
 .bss           0x0201d828        0x0 /home/vagrant/devkitPro/devkitARM/bin/../lib/gcc/arm-none-eabi/4.9.2/../../../../arm-none-eabi/lib/libg.a(lib_a-siscanf.o)
 .bss           0x0201d828        0x0 /home/vagrant/devkitPro/devkitARM/bin/../lib/gcc/arm-none-eabi/4.9.2/../../../../arm-none-eabi/lib/libg.a(lib_a-stdio.o)
 .bss           0x0201d828        0x0 /home/vagrant/devkitPro/devkitARM/bin/../lib/gcc/arm-none-eabi/4.9.2/../../../../arm-none-eabi/lib/libg.a(lib_a-strlen.o)
 .bss           0x0201d828        0x0 /home/vagrant/devkitPro/devkitARM/bin/../lib/gcc/arm-none-eabi/4.9.2/../../../../arm-none-eabi/lib/libg.a(lib_a-svfiscanf.o)
 .bss           0x0201d828        0x0 /home/vagrant/devkitPro/devkitARM/bin/../lib/gcc/arm-none-eabi/4.9.2/../../../../arm-none-eabi/lib/libg.a(lib_a-ungetc.o)
 .bss           0x0201d828        0x0 /home/vagrant/devkitPro/devkitARM/bin/../lib/gcc/arm-none-eabi/4.9.2/../../../../arm-none-eabi/lib/libg.a(lib_a-vfiprintf.o)
 .bss           0x0201d828        0x0 /home/vagrant/devkitPro/devkitARM/bin/../lib/gcc/arm-none-eabi/4.9.2/../../../../arm-none-eabi/lib/libg.a(lib_a-wcrtomb.o)
 .bss           0x0201d828        0x0 /home/vagrant/devkitPro/devkitARM/bin/../lib/gcc/arm-none-eabi/4.9.2/../../../../arm-none-eabi/lib/libg.a(lib_a-wcsrtombs.o)
 .bss           0x0201d828        0x0 /home/vagrant/devkitPro/devkitARM/bin/../lib/gcc/arm-none-eabi/4.9.2/../../../../arm-none-eabi/lib/libg.a(lib_a-wctomb_r.o)
 .bss           0x0201d828        0x0 /home/vagrant/devkitPro/devkitARM/bin/../lib/gcc/arm-none-eabi/4.9.2/../../../../arm-none-eabi/lib/libg.a(lib_a-wsetup.o)
 .bss           0x0201d828        0x0 /home/vagrant/devkitPro/devkitARM/bin/../lib/gcc/arm-none-eabi/4.9.2/../../../../arm-none-eabi/lib/libg.a(lib_a-ctype_.o)
 .bss           0x0201d828        0x0 /home/vagrant/devkitPro/devkitARM/bin/../lib/gcc/arm-none-eabi/4.9.2/../../../../arm-none-eabi/lib/libg.a(lib_a-fflush.o)
 .bss           0x0201d828        0x0 /home/vagrant/devkitPro/devkitARM/bin/../lib/gcc/arm-none-eabi/4.9.2/../../../../arm-none-eabi/lib/libg.a(lib_a-findfp.o)
 .bss           0x0201d828        0x0 /home/vagrant/devkitPro/devkitARM/bin/../lib/gcc/arm-none-eabi/4.9.2/../../../../arm-none-eabi/lib/libg.a(lib_a-fputwc.o)
 .bss           0x0201d828        0x0 /home/vagrant/devkitPro/devkitARM/bin/../lib/gcc/arm-none-eabi/4.9.2/../../../../arm-none-eabi/lib/libg.a(lib_a-freer.o)
 .bss           0x0201d828        0x0 /home/vagrant/devkitPro/devkitARM/bin/../lib/gcc/arm-none-eabi/4.9.2/../../../../arm-none-eabi/lib/libg.a(lib_a-fvwrite.o)
 .bss           0x0201d828        0x0 /home/vagrant/devkitPro/devkitARM/bin/../lib/gcc/arm-none-eabi/4.9.2/../../../../arm-none-eabi/lib/libg.a(lib_a-fwalk.o)
 .bss           0x0201d828        0x0 /home/vagrant/devkitPro/devkitARM/bin/../lib/gcc/arm-none-eabi/4.9.2/../../../../arm-none-eabi/lib/libg.a(lib_a-iswspace.o)
 .bss           0x0201d828        0x0 /home/vagrant/devkitPro/devkitARM/bin/../lib/gcc/arm-none-eabi/4.9.2/../../../../arm-none-eabi/lib/libg.a(lib_a-jp2uc.o)
 .bss           0x0201d828      0x2b8 /home/vagrant/devkitPro/devkitARM/bin/../lib/gcc/arm-none-eabi/4.9.2/../../../../arm-none-eabi/lib/libg.a(lib_a-locale.o)
                0x0201dad4                _PathLocale
                0x0201dad8                __mlocale_changed
                0x0201dadc                __nlocale_changed
 .bss           0x0201dae0        0x0 /home/vagrant/devkitPro/devkitARM/bin/../lib/gcc/arm-none-eabi/4.9.2/../../../../arm-none-eabi/lib/libg.a(lib_a-makebuf.o)
 .bss           0x0201dae0        0x0 /home/vagrant/devkitPro/devkitARM/bin/../lib/gcc/arm-none-eabi/4.9.2/../../../../arm-none-eabi/lib/libg.a(lib_a-malloc.o)
 .bss           0x0201dae0       0x34 /home/vagrant/devkitPro/devkitARM/bin/../lib/gcc/arm-none-eabi/4.9.2/../../../../arm-none-eabi/lib/libg.a(lib_a-mallocr.o)
                0x0201dae0                __malloc_top_pad
                0x0201dae4                __malloc_current_mallinfo
                0x0201db0c                __malloc_max_sbrked_mem
                0x0201db10                __malloc_max_total_mem
 .bss           0x0201db14        0x0 /home/vagrant/devkitPro/devkitARM/bin/../lib/gcc/arm-none-eabi/4.9.2/../../../../arm-none-eabi/lib/libg.a(lib_a-mbrtowc.o)
 .bss           0x0201db14        0x0 /home/vagrant/devkitPro/devkitARM/bin/../lib/gcc/arm-none-eabi/4.9.2/../../../../arm-none-eabi/lib/libg.a(lib_a-mbtowc_r.o)
 .bss           0x0201db14        0x0 /home/vagrant/devkitPro/devkitARM/bin/../lib/gcc/arm-none-eabi/4.9.2/../../../../arm-none-eabi/lib/libg.a(lib_a-memchr-stub.o)
 .bss           0x0201db14        0x0 /home/vagrant/devkitPro/devkitARM/bin/../lib/gcc/arm-none-eabi/4.9.2/../../../../arm-none-eabi/lib/libg.a(lib_a-memmove.o)
 .bss           0x0201db14        0x0 /home/vagrant/devkitPro/devkitARM/bin/../lib/gcc/arm-none-eabi/4.9.2/../../../../arm-none-eabi/lib/libg.a(lib_a-mlock.o)
 .bss           0x0201db14        0x0 /home/vagrant/devkitPro/devkitARM/bin/../lib/gcc/arm-none-eabi/4.9.2/../../../../arm-none-eabi/lib/libg.a(lib_a-reallocr.o)
 .bss           0x0201db14        0x0 /home/vagrant/devkitPro/devkitARM/bin/../lib/gcc/arm-none-eabi/4.9.2/../../../../arm-none-eabi/lib/libg.a(lib_a-sccl.o)
 .bss           0x0201db14        0x0 /home/vagrant/devkitPro/devkitARM/bin/../lib/gcc/arm-none-eabi/4.9.2/../../../../arm-none-eabi/lib/libg.a(lib_a-strcasecmp.o)
 .bss           0x0201db14        0x0 /home/vagrant/devkitPro/devkitARM/bin/../lib/gcc/arm-none-eabi/4.9.2/../../../../arm-none-eabi/lib/libg.a(lib_a-strcat.o)
 .bss           0x0201db14        0x0 /home/vagrant/devkitPro/devkitARM/bin/../lib/gcc/arm-none-eabi/4.9.2/../../../../arm-none-eabi/lib/libg.a(lib_a-strchr.o)
 .bss           0x0201db14        0x0 /home/vagrant/devkitPro/devkitARM/bin/../lib/gcc/arm-none-eabi/4.9.2/../../../../arm-none-eabi/lib/libg.a(lib_a-strcmp.o)
 .bss           0x0201db14        0x0 /home/vagrant/devkitPro/devkitARM/bin/../lib/gcc/arm-none-eabi/4.9.2/../../../../arm-none-eabi/lib/libg.a(lib_a-strcpy.o)
 .bss           0x0201db14        0x0 /home/vagrant/devkitPro/devkitARM/bin/../lib/gcc/arm-none-eabi/4.9.2/../../../../arm-none-eabi/lib/libg.a(lib_a-strlcpy.o)
 .bss           0x0201db14        0x0 /home/vagrant/devkitPro/devkitARM/bin/../lib/gcc/arm-none-eabi/4.9.2/../../../../arm-none-eabi/lib/libg.a(lib_a-strncasecmp.o)
 .bss           0x0201db14        0x0 /home/vagrant/devkitPro/devkitARM/bin/../lib/gcc/arm-none-eabi/4.9.2/../../../../arm-none-eabi/lib/libg.a(lib_a-strncmp.o)
 .bss           0x0201db14        0x0 /home/vagrant/devkitPro/devkitARM/bin/../lib/gcc/arm-none-eabi/4.9.2/../../../../arm-none-eabi/lib/libg.a(lib_a-strncpy.o)
 .bss           0x0201db14        0x0 /home/vagrant/devkitPro/devkitARM/bin/../lib/gcc/arm-none-eabi/4.9.2/../../../../arm-none-eabi/lib/libg.a(lib_a-strtoll_r.o)
 .bss           0x0201db14        0x0 /home/vagrant/devkitPro/devkitARM/bin/../lib/gcc/arm-none-eabi/4.9.2/../../../../arm-none-eabi/lib/libg.a(lib_a-strtol.o)
 .bss           0x0201db14        0x0 /home/vagrant/devkitPro/devkitARM/bin/../lib/gcc/arm-none-eabi/4.9.2/../../../../arm-none-eabi/lib/libg.a(lib_a-strtoull_r.o)
 .bss           0x0201db14        0x0 /home/vagrant/devkitPro/devkitARM/bin/../lib/gcc/arm-none-eabi/4.9.2/../../../../arm-none-eabi/lib/libg.a(lib_a-strtoul.o)
 .bss           0x0201db14        0x0 /home/vagrant/devkitPro/devkitARM/bin/../lib/gcc/arm-none-eabi/4.9.2/../../../../arm-none-eabi/lib/libg.a(lib_a-svfiprintf.o)
 .bss           0x0201db14        0x0 /home/vagrant/devkitPro/devkitARM/bin/../lib/gcc/arm-none-eabi/4.9.2/../../../../arm-none-eabi/lib/libg.a(lib_a-wbuf.o)
 .bss           0x0201db14        0x0 /home/vagrant/devkitPro/devkitARM/bin/../lib/gcc/arm-none-eabi/4.9.2/../../../../arm-none-eabi/lib/libg.a(lib_a-wcsnrtombs.o)
 .bss           0x0201db14        0x0 /home/vagrant/devkitPro/devkitARM/bin/../lib/gcc/arm-none-eabi/4.9.2/../../../../arm-none-eabi/lib/libg.a(lib_a-fclose.o)
 .bss           0x0201db14        0x0 /home/vagrant/devkitPro/devkitARM/bin/../lib/gcc/arm-none-eabi/4.9.2/../../../../arm-none-eabi/lib/libg.a(lib_a-getenv_r.o)
 .bss           0x0201db14        0x4 /home/vagrant/devkitPro/devkitARM/bin/../lib/gcc/arm-none-eabi/4.9.2/../../../../arm-none-eabi/lib/libg.a(lib_a-environ.o)
 .bss           0x0201db18        0x0 /home/vagrant/devkitPro/devkitARM/bin/../lib/gcc/arm-none-eabi/4.9.2/../../../../arm-none-eabi/lib/libg.a(lib_a-envlock.o)
 .bss           0x0201db18        0x0 /home/vagrant/devkitPro/devkitARM/bin/../lib/gcc/arm-none-eabi/4.9.2/../../../../arm-none-eabi/lib/libsysbase.a(iosupport.o)
 .bss           0x0201db18        0x0 /home/vagrant/devkitPro/devkitARM/bin/../lib/gcc/arm-none-eabi/4.9.2/../../../../arm-none-eabi/lib/libsysbase.a(close.o)
 .bss           0x0201db18        0x0 /home/vagrant/devkitPro/devkitARM/bin/../lib/gcc/arm-none-eabi/4.9.2/../../../../arm-none-eabi/lib/libsysbase.a(fstat.o)
 .bss           0x0201db18        0x0 /home/vagrant/devkitPro/devkitARM/bin/../lib/gcc/arm-none-eabi/4.9.2/../../../../arm-none-eabi/lib/libsysbase.a(isatty.o)
 .bss           0x0201db18        0x0 /home/vagrant/devkitPro/devkitARM/bin/../lib/gcc/arm-none-eabi/4.9.2/../../../../arm-none-eabi/lib/libsysbase.a(lseek.o)
 .bss           0x0201db18        0x0 /home/vagrant/devkitPro/devkitARM/bin/../lib/gcc/arm-none-eabi/4.9.2/../../../../arm-none-eabi/lib/libsysbase.a(read.o)
 .bss           0x0201db18        0x4 /home/vagrant/devkitPro/devkitARM/bin/../lib/gcc/arm-none-eabi/4.9.2/../../../../arm-none-eabi/lib/libsysbase.a(sbrk.o)
 .bss           0x0201db1c        0x0 /home/vagrant/devkitPro/devkitARM/bin/../lib/gcc/arm-none-eabi/4.9.2/../../../../arm-none-eabi/lib/libsysbase.a(times.o)
 .bss           0x0201db1c        0x0 /home/vagrant/devkitPro/devkitARM/bin/../lib/gcc/arm-none-eabi/4.9.2/../../../../arm-none-eabi/lib/libsysbase.a(write.o)
 .bss           0x0201db1c        0x8 /home/vagrant/devkitPro/devkitARM/bin/../lib/gcc/arm-none-eabi/4.9.2/../../../../arm-none-eabi/lib/libsysbase.a(malloc_vars.o)
                0x0201db1c                fake_heap_start
                0x0201db20                fake_heap_end
 .bss           0x0201db24        0x0 /home/vagrant/devkitPro/devkitARM/bin/../lib/gcc/arm-none-eabi/4.9.2/../../../../arm-none-eabi/lib/libsysbase.a(build_argv.o)
 .bss           0x0201db24        0x8 /home/vagrant/devkitPro/devkitARM/bin/../lib/gcc/arm-none-eabi/4.9.2/../../../../arm-none-eabi/lib/libsysbase.a(syscall_support.o)
                0x0201db24                __syscalls
 .bss           0x0201db2c     0x1000 /home/vagrant/devkitPro/devkitARM/bin/../lib/gcc/arm-none-eabi/4.9.2/../../../../arm-none-eabi/lib/libsysbase.a(handle_manager.o)
 .bss           0x0201eb2c        0x0 /home/vagrant/devkitPro/devkitARM/bin/../lib/gcc/arm-none-eabi/4.9.2/libgcc.a(_udivsi3.o)
 .bss           0x0201eb2c        0x0 /home/vagrant/devkitPro/devkitARM/bin/../lib/gcc/arm-none-eabi/4.9.2/libgcc.a(_aeabi_uldivmod.o)
 .bss           0x0201eb2c        0x0 /home/vagrant/devkitPro/devkitARM/bin/../lib/gcc/arm-none-eabi/4.9.2/libgcc.a(bpabi.o)
 .bss           0x0201eb2c        0x0 /home/vagrant/devkitPro/devkitARM/bin/../lib/gcc/arm-none-eabi/4.9.2/libgcc.a(_divdi3.o)
 .bss           0x0201eb2c        0x0 /home/vagrant/devkitPro/devkitARM/bin/../lib/gcc/arm-none-eabi/4.9.2/libgcc.a(_udivdi3.o)
 .bss           0x0201eb2c        0x0 /home/vagrant/devkitPro/devkitARM/bin/../lib/gcc/arm-none-eabi/4.9.2/libgcc.a(_clzdi2.o)
 .bss           0x0201eb2c        0x0 /home/vagrant/devkitPro/devkitARM/bin/../lib/gcc/arm-none-eabi/4.9.2/libgcc.a(_clzsi2.o)
 .bss           0x0201eb2c        0x0 /home/vagrant/devkitPro/devkitARM/bin/../lib/gcc/arm-none-eabi/4.9.2/../../../../arm-none-eabi/lib/libg.a(lib_a-errno.o)
 .bss           0x0201eb2c        0x0 /home/vagrant/devkitPro/devkitARM/bin/../lib/gcc/arm-none-eabi/4.9.2/crtend.o
 .bss           0x0201eb2c        0x0 /home/vagrant/devkitPro/devkitARM/bin/../lib/gcc/arm-none-eabi/4.9.2/crtn.o
 *(COMMON)
 COMMON         0x0201eb2c       0x1c main.o
                0x0201eb2c                actualStage
                0x0201eb30                g_character
 COMMON         0x0201eb48       0x5c /home/vagrant/devkitPro/libnds/lib/libnds9.a(console.o)
                0x0201eb48                currentCopy
 COMMON         0x0201eba4        0x1 /home/vagrant/devkitPro/libnds/lib/libnds9.a(initSystem.o)
                0x0201eba4                __dsimode
 *fill*         0x0201eba5        0x3 
 COMMON         0x0201eba8      0xa40 /home/vagrant/devkitPro/libnds/lib/libnds9.a(fifosystem.o)
                0x0201eba8                fifo_datamsg_data
                0x0201ebe8                fifo_buffer
                0x0201f3e8                fifo_value32_func
                0x0201f428                fifo_address_func
                0x0201f468                fifo_value32_data
                0x0201f4a8                fifo_value32_queue
                0x0201f4e8                fifo_data_queue
                0x0201f528                fifo_address_data
                0x0201f568                fifo_datamsg_func
                0x0201f5a8                fifo_address_queue
 COMMON         0x0201f5e8      0x148 /home/vagrant/devkitPro/libnds/lib/libnds9.a(background.o)
                0x0201f5e8                bgState
                0x0201f728                bgIsTextLut
 COMMON         0x0201f730        0x4 /home/vagrant/devkitPro/devkitARM/bin/../lib/gcc/arm-none-eabi/4.9.2/../../../../arm-none-eabi/lib/libsysbase.a(times.o)
                0x0201f730                punixTime
                0x0201f734                . = ALIGN (0x4)
                0x0201f734                __bss_end__ = ABSOLUTE (.)
                0x0201f734                __end__ = ABSOLUTE (.)

.stab
 *(.stab)

.stabstr
 *(.stabstr)

.stab.excl
 *(.stab.excl)

.stab.exclstr
 *(.stab.exclstr)

.stab.index
 *(.stab.index)

.stab.indexstr
 *(.stab.indexstr)

.comment        0x00000000       0x44
 *(.comment)
 .comment       0x00000000       0x22 /home/vagrant/devkitPro/devkitARM/bin/../lib/gcc/arm-none-eabi/4.9.2/crtbegin.o
                                 0x23 (size before relaxing)
 .comment       0x00000000       0x23 character.o
 .comment       0x00000000       0x23 main.o
 .comment       0x00000022       0x22 /home/vagrant/devkitPro/libnds/lib/libnds9.a(console.o)
                                 0x23 (size before relaxing)
 .comment       0x00000000       0x23 /home/vagrant/devkitPro/libnds/lib/libnds9.a(keys.o)
 .comment       0x00000000       0x23 /home/vagrant/devkitPro/libnds/lib/libnds9.a(initSystem.o)
 .comment       0x00000000       0x23 /home/vagrant/devkitPro/libnds/lib/libnds9.a(fifosystem.o)
 .comment       0x00000000       0x23 /home/vagrant/devkitPro/libnds/lib/libnds9.a(interrupts.o)
 .comment       0x00000000       0x23 /home/vagrant/devkitPro/libnds/lib/libnds9.a(libnds_exit.arm.o)
 .comment       0x00000000       0x23 /home/vagrant/devkitPro/libnds/lib/libnds9.a(background.o)
 .comment       0x00000000       0x23 /home/vagrant/devkitPro/libnds/lib/libnds9.a(system.o)
 .comment       0x00000000       0x23 /home/vagrant/devkitPro/libnds/lib/libnds9.a(trig.o)
 .comment       0x00000000       0x23 /home/vagrant/devkitPro/libnds/lib/libnds9.a(video.o)
 .comment       0x00000000       0x23 /home/vagrant/devkitPro/devkitARM/bin/../lib/gcc/arm-none-eabi/4.9.2/../../../../arm-none-eabi/lib/libg.a(lib_a-bsearch.o)
 .comment       0x00000000       0x23 /home/vagrant/devkitPro/devkitARM/bin/../lib/gcc/arm-none-eabi/4.9.2/../../../../arm-none-eabi/lib/libg.a(lib_a-impure.o)
 .comment       0x00000000       0x23 /home/vagrant/devkitPro/devkitARM/bin/../lib/gcc/arm-none-eabi/4.9.2/../../../../arm-none-eabi/lib/libg.a(lib_a-init.o)
 .comment       0x00000000       0x23 /home/vagrant/devkitPro/devkitARM/bin/../lib/gcc/arm-none-eabi/4.9.2/../../../../arm-none-eabi/lib/libg.a(lib_a-iprintf.o)
 .comment       0x00000000       0x23 /home/vagrant/devkitPro/devkitARM/bin/../lib/gcc/arm-none-eabi/4.9.2/../../../../arm-none-eabi/lib/libg.a(lib_a-memcpy-stub.o)
 .comment       0x00000000       0x23 /home/vagrant/devkitPro/devkitARM/bin/../lib/gcc/arm-none-eabi/4.9.2/../../../../arm-none-eabi/lib/libg.a(lib_a-memset.o)
 .comment       0x00000000       0x23 /home/vagrant/devkitPro/devkitARM/bin/../lib/gcc/arm-none-eabi/4.9.2/../../../../arm-none-eabi/lib/libg.a(lib_a-setvbuf.o)
 .comment       0x00000000       0x23 /home/vagrant/devkitPro/devkitARM/bin/../lib/gcc/arm-none-eabi/4.9.2/../../../../arm-none-eabi/lib/libg.a(lib_a-siscanf.o)
 .comment       0x00000000       0x23 /home/vagrant/devkitPro/devkitARM/bin/../lib/gcc/arm-none-eabi/4.9.2/../../../../arm-none-eabi/lib/libg.a(lib_a-stdio.o)
 .comment       0x00000000       0x23 /home/vagrant/devkitPro/devkitARM/bin/../lib/gcc/arm-none-eabi/4.9.2/../../../../arm-none-eabi/lib/libg.a(lib_a-strlen.o)
 .comment       0x00000000       0x23 /home/vagrant/devkitPro/devkitARM/bin/../lib/gcc/arm-none-eabi/4.9.2/../../../../arm-none-eabi/lib/libg.a(lib_a-svfiscanf.o)
 .comment       0x00000000       0x23 /home/vagrant/devkitPro/devkitARM/bin/../lib/gcc/arm-none-eabi/4.9.2/../../../../arm-none-eabi/lib/libg.a(lib_a-ungetc.o)
 .comment       0x00000000       0x23 /home/vagrant/devkitPro/devkitARM/bin/../lib/gcc/arm-none-eabi/4.9.2/../../../../arm-none-eabi/lib/libg.a(lib_a-vfiprintf.o)
 .comment       0x00000000       0x23 /home/vagrant/devkitPro/devkitARM/bin/../lib/gcc/arm-none-eabi/4.9.2/../../../../arm-none-eabi/lib/libg.a(lib_a-wcrtomb.o)
 .comment       0x00000000       0x23 /home/vagrant/devkitPro/devkitARM/bin/../lib/gcc/arm-none-eabi/4.9.2/../../../../arm-none-eabi/lib/libg.a(lib_a-wcsrtombs.o)
 .comment       0x00000000       0x23 /home/vagrant/devkitPro/devkitARM/bin/../lib/gcc/arm-none-eabi/4.9.2/../../../../arm-none-eabi/lib/libg.a(lib_a-wctomb_r.o)
 .comment       0x00000000       0x23 /home/vagrant/devkitPro/devkitARM/bin/../lib/gcc/arm-none-eabi/4.9.2/../../../../arm-none-eabi/lib/libg.a(lib_a-wsetup.o)
 .comment       0x00000000       0x23 /home/vagrant/devkitPro/devkitARM/bin/../lib/gcc/arm-none-eabi/4.9.2/../../../../arm-none-eabi/lib/libg.a(lib_a-ctype_.o)
 .comment       0x00000000       0x23 /home/vagrant/devkitPro/devkitARM/bin/../lib/gcc/arm-none-eabi/4.9.2/../../../../arm-none-eabi/lib/libg.a(lib_a-fflush.o)
 .comment       0x00000000       0x23 /home/vagrant/devkitPro/devkitARM/bin/../lib/gcc/arm-none-eabi/4.9.2/../../../../arm-none-eabi/lib/libg.a(lib_a-findfp.o)
 .comment       0x00000000       0x23 /home/vagrant/devkitPro/devkitARM/bin/../lib/gcc/arm-none-eabi/4.9.2/../../../../arm-none-eabi/lib/libg.a(lib_a-fputwc.o)
 .comment       0x00000000       0x23 /home/vagrant/devkitPro/devkitARM/bin/../lib/gcc/arm-none-eabi/4.9.2/../../../../arm-none-eabi/lib/libg.a(lib_a-freer.o)
 .comment       0x00000000       0x23 /home/vagrant/devkitPro/devkitARM/bin/../lib/gcc/arm-none-eabi/4.9.2/../../../../arm-none-eabi/lib/libg.a(lib_a-fvwrite.o)
 .comment       0x00000000       0x23 /home/vagrant/devkitPro/devkitARM/bin/../lib/gcc/arm-none-eabi/4.9.2/../../../../arm-none-eabi/lib/libg.a(lib_a-fwalk.o)
 .comment       0x00000000       0x23 /home/vagrant/devkitPro/devkitARM/bin/../lib/gcc/arm-none-eabi/4.9.2/../../../../arm-none-eabi/lib/libg.a(lib_a-iswspace.o)
 .comment       0x00000000       0x23 /home/vagrant/devkitPro/devkitARM/bin/../lib/gcc/arm-none-eabi/4.9.2/../../../../arm-none-eabi/lib/libg.a(lib_a-jp2uc.o)
 .comment       0x00000000       0x23 /home/vagrant/devkitPro/devkitARM/bin/../lib/gcc/arm-none-eabi/4.9.2/../../../../arm-none-eabi/lib/libg.a(lib_a-locale.o)
 .comment       0x00000000       0x23 /home/vagrant/devkitPro/devkitARM/bin/../lib/gcc/arm-none-eabi/4.9.2/../../../../arm-none-eabi/lib/libg.a(lib_a-makebuf.o)
 .comment       0x00000000       0x23 /home/vagrant/devkitPro/devkitARM/bin/../lib/gcc/arm-none-eabi/4.9.2/../../../../arm-none-eabi/lib/libg.a(lib_a-malloc.o)
 .comment       0x00000000       0x23 /home/vagrant/devkitPro/devkitARM/bin/../lib/gcc/arm-none-eabi/4.9.2/../../../../arm-none-eabi/lib/libg.a(lib_a-mallocr.o)
 .comment       0x00000000       0x23 /home/vagrant/devkitPro/devkitARM/bin/../lib/gcc/arm-none-eabi/4.9.2/../../../../arm-none-eabi/lib/libg.a(lib_a-mbrtowc.o)
 .comment       0x00000000       0x23 /home/vagrant/devkitPro/devkitARM/bin/../lib/gcc/arm-none-eabi/4.9.2/../../../../arm-none-eabi/lib/libg.a(lib_a-mbtowc_r.o)
 .comment       0x00000000       0x23 /home/vagrant/devkitPro/devkitARM/bin/../lib/gcc/arm-none-eabi/4.9.2/../../../../arm-none-eabi/lib/libg.a(lib_a-memchr-stub.o)
 .comment       0x00000000       0x23 /home/vagrant/devkitPro/devkitARM/bin/../lib/gcc/arm-none-eabi/4.9.2/../../../../arm-none-eabi/lib/libg.a(lib_a-memmove.o)
 .comment       0x00000000       0x23 /home/vagrant/devkitPro/devkitARM/bin/../lib/gcc/arm-none-eabi/4.9.2/../../../../arm-none-eabi/lib/libg.a(lib_a-mlock.o)
 .comment       0x00000000       0x23 /home/vagrant/devkitPro/devkitARM/bin/../lib/gcc/arm-none-eabi/4.9.2/../../../../arm-none-eabi/lib/libg.a(lib_a-reallocr.o)
 .comment       0x00000000       0x23 /home/vagrant/devkitPro/devkitARM/bin/../lib/gcc/arm-none-eabi/4.9.2/../../../../arm-none-eabi/lib/libg.a(lib_a-sccl.o)
 .comment       0x00000000       0x23 /home/vagrant/devkitPro/devkitARM/bin/../lib/gcc/arm-none-eabi/4.9.2/../../../../arm-none-eabi/lib/libg.a(lib_a-strcasecmp.o)
 .comment       0x00000000       0x23 /home/vagrant/devkitPro/devkitARM/bin/../lib/gcc/arm-none-eabi/4.9.2/../../../../arm-none-eabi/lib/libg.a(lib_a-strcat.o)
 .comment       0x00000000       0x23 /home/vagrant/devkitPro/devkitARM/bin/../lib/gcc/arm-none-eabi/4.9.2/../../../../arm-none-eabi/lib/libg.a(lib_a-strchr.o)
 .comment       0x00000000       0x23 /home/vagrant/devkitPro/devkitARM/bin/../lib/gcc/arm-none-eabi/4.9.2/../../../../arm-none-eabi/lib/libg.a(lib_a-strcpy.o)
 .comment       0x00000000       0x23 /home/vagrant/devkitPro/devkitARM/bin/../lib/gcc/arm-none-eabi/4.9.2/../../../../arm-none-eabi/lib/libg.a(lib_a-strlcpy.o)
 .comment       0x00000000       0x23 /home/vagrant/devkitPro/devkitARM/bin/../lib/gcc/arm-none-eabi/4.9.2/../../../../arm-none-eabi/lib/libg.a(lib_a-strncasecmp.o)
 .comment       0x00000000       0x23 /home/vagrant/devkitPro/devkitARM/bin/../lib/gcc/arm-none-eabi/4.9.2/../../../../arm-none-eabi/lib/libg.a(lib_a-strncmp.o)
 .comment       0x00000000       0x23 /home/vagrant/devkitPro/devkitARM/bin/../lib/gcc/arm-none-eabi/4.9.2/../../../../arm-none-eabi/lib/libg.a(lib_a-strncpy.o)
 .comment       0x00000000       0x23 /home/vagrant/devkitPro/devkitARM/bin/../lib/gcc/arm-none-eabi/4.9.2/../../../../arm-none-eabi/lib/libg.a(lib_a-strtoll_r.o)
 .comment       0x00000000       0x23 /home/vagrant/devkitPro/devkitARM/bin/../lib/gcc/arm-none-eabi/4.9.2/../../../../arm-none-eabi/lib/libg.a(lib_a-strtol.o)
 .comment       0x00000000       0x23 /home/vagrant/devkitPro/devkitARM/bin/../lib/gcc/arm-none-eabi/4.9.2/../../../../arm-none-eabi/lib/libg.a(lib_a-strtoull_r.o)
 .comment       0x00000000       0x23 /home/vagrant/devkitPro/devkitARM/bin/../lib/gcc/arm-none-eabi/4.9.2/../../../../arm-none-eabi/lib/libg.a(lib_a-strtoul.o)
 .comment       0x00000000       0x23 /home/vagrant/devkitPro/devkitARM/bin/../lib/gcc/arm-none-eabi/4.9.2/../../../../arm-none-eabi/lib/libg.a(lib_a-svfiprintf.o)
 .comment       0x00000000       0x23 /home/vagrant/devkitPro/devkitARM/bin/../lib/gcc/arm-none-eabi/4.9.2/../../../../arm-none-eabi/lib/libg.a(lib_a-wbuf.o)
 .comment       0x00000000       0x23 /home/vagrant/devkitPro/devkitARM/bin/../lib/gcc/arm-none-eabi/4.9.2/../../../../arm-none-eabi/lib/libg.a(lib_a-wcsnrtombs.o)
 .comment       0x00000000       0x23 /home/vagrant/devkitPro/devkitARM/bin/../lib/gcc/arm-none-eabi/4.9.2/../../../../arm-none-eabi/lib/libg.a(lib_a-fclose.o)
 .comment       0x00000000       0x23 /home/vagrant/devkitPro/devkitARM/bin/../lib/gcc/arm-none-eabi/4.9.2/../../../../arm-none-eabi/lib/libg.a(lib_a-getenv_r.o)
 .comment       0x00000000       0x23 /home/vagrant/devkitPro/devkitARM/bin/../lib/gcc/arm-none-eabi/4.9.2/../../../../arm-none-eabi/lib/libg.a(lib_a-environ.o)
 .comment       0x00000000       0x23 /home/vagrant/devkitPro/devkitARM/bin/../lib/gcc/arm-none-eabi/4.9.2/../../../../arm-none-eabi/lib/libg.a(lib_a-envlock.o)
 .comment       0x00000000       0x23 /home/vagrant/devkitPro/devkitARM/bin/../lib/gcc/arm-none-eabi/4.9.2/../../../../arm-none-eabi/lib/libsysbase.a(iosupport.o)
 .comment       0x00000000       0x23 /home/vagrant/devkitPro/devkitARM/bin/../lib/gcc/arm-none-eabi/4.9.2/../../../../arm-none-eabi/lib/libsysbase.a(close.o)
 .comment       0x00000000       0x23 /home/vagrant/devkitPro/devkitARM/bin/../lib/gcc/arm-none-eabi/4.9.2/../../../../arm-none-eabi/lib/libsysbase.a(fstat.o)
 .comment       0x00000000       0x23 /home/vagrant/devkitPro/devkitARM/bin/../lib/gcc/arm-none-eabi/4.9.2/../../../../arm-none-eabi/lib/libsysbase.a(isatty.o)
 .comment       0x00000000       0x23 /home/vagrant/devkitPro/devkitARM/bin/../lib/gcc/arm-none-eabi/4.9.2/../../../../arm-none-eabi/lib/libsysbase.a(lseek.o)
 .comment       0x00000000       0x23 /home/vagrant/devkitPro/devkitARM/bin/../lib/gcc/arm-none-eabi/4.9.2/../../../../arm-none-eabi/lib/libsysbase.a(read.o)
 .comment       0x00000000       0x23 /home/vagrant/devkitPro/devkitARM/bin/../lib/gcc/arm-none-eabi/4.9.2/../../../../arm-none-eabi/lib/libsysbase.a(sbrk.o)
 .comment       0x00000000       0x23 /home/vagrant/devkitPro/devkitARM/bin/../lib/gcc/arm-none-eabi/4.9.2/../../../../arm-none-eabi/lib/libsysbase.a(times.o)
 .comment       0x00000000       0x23 /home/vagrant/devkitPro/devkitARM/bin/../lib/gcc/arm-none-eabi/4.9.2/../../../../arm-none-eabi/lib/libsysbase.a(write.o)
 .comment       0x00000000       0x23 /home/vagrant/devkitPro/devkitARM/bin/../lib/gcc/arm-none-eabi/4.9.2/../../../../arm-none-eabi/lib/libsysbase.a(malloc_vars.o)
 .comment       0x00000000       0x23 /home/vagrant/devkitPro/devkitARM/bin/../lib/gcc/arm-none-eabi/4.9.2/../../../../arm-none-eabi/lib/libsysbase.a(build_argv.o)
 .comment       0x00000000       0x23 /home/vagrant/devkitPro/devkitARM/bin/../lib/gcc/arm-none-eabi/4.9.2/../../../../arm-none-eabi/lib/libsysbase.a(syscall_support.o)
 .comment       0x00000000       0x23 /home/vagrant/devkitPro/devkitARM/bin/../lib/gcc/arm-none-eabi/4.9.2/../../../../arm-none-eabi/lib/libsysbase.a(handle_manager.o)
 .comment       0x00000000       0x23 /home/vagrant/devkitPro/devkitARM/bin/../lib/gcc/arm-none-eabi/4.9.2/libgcc.a(bpabi.o)
 .comment       0x00000000       0x23 /home/vagrant/devkitPro/devkitARM/bin/../lib/gcc/arm-none-eabi/4.9.2/libgcc.a(_divdi3.o)
 .comment       0x00000000       0x23 /home/vagrant/devkitPro/devkitARM/bin/../lib/gcc/arm-none-eabi/4.9.2/libgcc.a(_udivdi3.o)
 .comment       0x00000000       0x23 /home/vagrant/devkitPro/devkitARM/bin/../lib/gcc/arm-none-eabi/4.9.2/../../../../arm-none-eabi/lib/libg.a(lib_a-errno.o)
 .comment       0x00000000       0x23 /home/vagrant/devkitPro/devkitARM/bin/../lib/gcc/arm-none-eabi/4.9.2/crtend.o

.ARM.attributes
                0x00000000       0x2d
 .ARM.attributes
                0x00000000       0x21 /home/vagrant/devkitPro/devkitARM/bin/../lib/gcc/arm-none-eabi/4.9.2/../../../../arm-none-eabi/lib/ds_arm9_crt0.o
 .ARM.attributes
                0x00000021       0x16 /home/vagrant/devkitPro/devkitARM/bin/../lib/gcc/arm-none-eabi/4.9.2/crti.o
 .ARM.attributes
                0x00000037       0x30 /home/vagrant/devkitPro/devkitARM/bin/../lib/gcc/arm-none-eabi/4.9.2/crtbegin.o
 .ARM.attributes
                0x00000067       0x1b gfx_ball.o
 .ARM.attributes
                0x00000082       0x1b gfx_tileset.o
 .ARM.attributes
                0x0000009d       0x2b character.o
 .ARM.attributes
                0x000000c8       0x2b main.o
 .ARM.attributes
                0x000000f3       0x27 /home/vagrant/devkitPro/libnds/lib/libnds9.a(console.o)
 .ARM.attributes
                0x0000011a       0x27 /home/vagrant/devkitPro/libnds/lib/libnds9.a(keys.o)
 .ARM.attributes
                0x00000141       0x27 /home/vagrant/devkitPro/libnds/lib/libnds9.a(initSystem.o)
 .ARM.attributes
                0x00000168       0x27 /home/vagrant/devkitPro/libnds/lib/libnds9.a(fifosystem.o)
 .ARM.attributes
                0x0000018f       0x27 /home/vagrant/devkitPro/libnds/lib/libnds9.a(interrupts.o)
 .ARM.attributes
                0x000001b6       0x27 /home/vagrant/devkitPro/libnds/lib/libnds9.a(libnds_exit.arm.o)
 .ARM.attributes
                0x000001dd       0x21 /home/vagrant/devkitPro/libnds/lib/libnds9.a(mpu_setup.o)
 .ARM.attributes
                0x000001fe       0x1b /home/vagrant/devkitPro/libnds/lib/libnds9.a(biosCalls.o)
 .ARM.attributes
                0x00000219       0x1b /home/vagrant/devkitPro/libnds/lib/libnds9.a(debugprint.o)
 .ARM.attributes
                0x00000234       0x1b /home/vagrant/devkitPro/libnds/lib/libnds9.a(interruptDispatcher.o)
 .ARM.attributes
                0x0000024f       0x21 /home/vagrant/devkitPro/libnds/lib/libnds9.a(swiSoftReset.o)
 .ARM.attributes
                0x00000270       0x14 /home/vagrant/devkitPro/libnds/lib/libnds9.a(default_font.bin.o)
 .ARM.attributes
                0x00000284       0x27 /home/vagrant/devkitPro/libnds/lib/libnds9.a(background.o)
 .ARM.attributes
                0x000002ab       0x27 /home/vagrant/devkitPro/libnds/lib/libnds9.a(system.o)
 .ARM.attributes
                0x000002d2       0x27 /home/vagrant/devkitPro/libnds/lib/libnds9.a(trig.o)
 .ARM.attributes
                0x000002f9       0x27 /home/vagrant/devkitPro/libnds/lib/libnds9.a(video.o)
 .ARM.attributes
                0x00000320       0x18 /home/vagrant/devkitPro/devkitARM/bin/../lib/gcc/arm-none-eabi/4.9.2/libgcc.a(_divsi3.o)
 .ARM.attributes
                0x00000338       0x18 /home/vagrant/devkitPro/devkitARM/bin/../lib/gcc/arm-none-eabi/4.9.2/libgcc.a(_dvmd_tls.o)
 .ARM.attributes
                0x00000350       0x30 /home/vagrant/devkitPro/devkitARM/bin/../lib/gcc/arm-none-eabi/4.9.2/../../../../arm-none-eabi/lib/libg.a(lib_a-bsearch.o)
 .ARM.attributes
                0x00000380       0x30 /home/vagrant/devkitPro/devkitARM/bin/../lib/gcc/arm-none-eabi/4.9.2/../../../../arm-none-eabi/lib/libg.a(lib_a-impure.o)
 .ARM.attributes
                0x000003b0       0x30 /home/vagrant/devkitPro/devkitARM/bin/../lib/gcc/arm-none-eabi/4.9.2/../../../../arm-none-eabi/lib/libg.a(lib_a-init.o)
 .ARM.attributes
                0x000003e0       0x30 /home/vagrant/devkitPro/devkitARM/bin/../lib/gcc/arm-none-eabi/4.9.2/../../../../arm-none-eabi/lib/libg.a(lib_a-iprintf.o)
 .ARM.attributes
                0x00000410       0x30 /home/vagrant/devkitPro/devkitARM/bin/../lib/gcc/arm-none-eabi/4.9.2/../../../../arm-none-eabi/lib/libg.a(lib_a-memcpy-stub.o)
 .ARM.attributes
                0x00000440       0x30 /home/vagrant/devkitPro/devkitARM/bin/../lib/gcc/arm-none-eabi/4.9.2/../../../../arm-none-eabi/lib/libg.a(lib_a-memset.o)
 .ARM.attributes
                0x00000470       0x30 /home/vagrant/devkitPro/devkitARM/bin/../lib/gcc/arm-none-eabi/4.9.2/../../../../arm-none-eabi/lib/libg.a(lib_a-setvbuf.o)
 .ARM.attributes
                0x000004a0       0x30 /home/vagrant/devkitPro/devkitARM/bin/../lib/gcc/arm-none-eabi/4.9.2/../../../../arm-none-eabi/lib/libg.a(lib_a-siscanf.o)
 .ARM.attributes
                0x000004d0       0x30 /home/vagrant/devkitPro/devkitARM/bin/../lib/gcc/arm-none-eabi/4.9.2/../../../../arm-none-eabi/lib/libg.a(lib_a-stdio.o)
 .ARM.attributes
                0x00000500       0x30 /home/vagrant/devkitPro/devkitARM/bin/../lib/gcc/arm-none-eabi/4.9.2/../../../../arm-none-eabi/lib/libg.a(lib_a-strlen.o)
 .ARM.attributes
                0x00000530       0x30 /home/vagrant/devkitPro/devkitARM/bin/../lib/gcc/arm-none-eabi/4.9.2/../../../../arm-none-eabi/lib/libg.a(lib_a-svfiscanf.o)
 .ARM.attributes
                0x00000560       0x30 /home/vagrant/devkitPro/devkitARM/bin/../lib/gcc/arm-none-eabi/4.9.2/../../../../arm-none-eabi/lib/libg.a(lib_a-ungetc.o)
 .ARM.attributes
                0x00000590       0x30 /home/vagrant/devkitPro/devkitARM/bin/../lib/gcc/arm-none-eabi/4.9.2/../../../../arm-none-eabi/lib/libg.a(lib_a-vfiprintf.o)
 .ARM.attributes